<html>
<body>
<pre>
<h1>礦ision Build Log</h1>
<h2>Tool Versions:</h2>
IDE-Version: μVision V5.28.0.0
Copyright (C) 2019 ARM Ltd and ARM Germany GmbH. All rights reserved.
License Information: kegg kegg, HP Inc., LIC=FUUKP-MXXNM-RT830-BHC5C-ND0A8-SZKFF
 
Tool Versions:
Toolchain:       *** Unknown Product ***  Version: 5.28.0.0
Toolchain Path:  C:\Keil_v5\ARM\ARMCC\Bin
C Compiler:      Armcc.exe V5.06 update 6 (build 750)
Assembler:       Armasm.exe V5.06 update 6 (build 750)
Linker/Locator:  ArmLink.exe V5.06 update 6 (build 750)
Library Manager: ArmAr.exe V5.06 update 6 (build 750)
Hex Converter:   FromElf.exe V5.06 update 6 (build 750)
CPU DLL:         SARMCM3.DLL V5.28.0.0
Dialog DLL:      DCM.DLL V1.17.3.0
Target DLL:      CMSIS_AGDI.dll V1.31.18.0
Dialog DLL:      TCM.DLL V1.36.2.0
 
<h2>Project:</h2>
C:\Users\kegg\Desktop\DC-DC-AC - TIM8\Project\RVMDK（uv5）\BH-F103.uvprojx
Project File Date:  07/25/2019

<h2>Output:</h2>
*** Using Compiler 'V5.06 update 6 (build 750)', folder: 'C:\Keil_v5\ARM\ARMCC\Bin'
Build target 'ADC-单通道-DMA读取'
compiling bsp_AdvanceTim.c...
compiling stm32f10x_it.c...
compiling main.c...
..\..\User\main.c(40): warning:  #177-D: variable "target_value"  was declared but never referenced
  	float target_value = 3;
..\..\User\main.c(41): warning:  #177-D: variable "difference_value"  was declared but never referenced
  	float difference_value = 0;
..\..\User\main.c(42): warning:  #177-D: variable "Compare_value"  was declared but never referenced
  	int Compare_value = 50;
..\..\User\main.c: 3 warnings, 0 errors
linking...
Program Size: Code=7206 RO-data=538 RW-data=44 ZI-data=1028  
FromELF: creating hex file...
"..\..\Output\ADC-单通道-DMA读取.axf" - 0 Error(s), 3 Warning(s).

<h2>Software Packages used:</h2>

Package Vendor: Keil
                http://www.keil.com/pack/Keil.STM32F1xx_DFP.2.3.0.pack
                Keil.STM32F1xx_DFP.2.3.0
                STMicroelectronics STM32F1 Series Device Support, Drivers and Examples

<h2>Collection of Component include folders:</h2>
  .\RTE\_ADC-______-DMA____
  C:\Users\kegg\AppData\Local\Arm\Packs\Keil\STM32F1xx_DFP\2.3.0\Device\Include

<h2>Collection of Component Files used:</h2>
Build Time Elapsed:  00:00:02
</pre>
</body>
</html>
