<html>
<body>
<pre>
<h1>礦ision Build Log</h1>
<h2>Tool Versions:</h2>
IDE-Version: μVision V5.28.0.0
Copyright (C) 2019 ARM Ltd and ARM Germany GmbH. All rights reserved.
License Information: kegg kegg, HP Inc., LIC=FUUKP-MXXNM-RT830-BHC5C-ND0A8-SZKFF
 
Tool Versions:
Toolchain:       *** Unknown Product ***  Version: 5.28.0.0
Toolchain Path:  C:\Keil_v5\ARM\ARMCC\Bin
C Compiler:      Armcc.exe V5.06 update 6 (build 750)
Assembler:       Armasm.exe V5.06 update 6 (build 750)
Linker/Locator:  ArmLink.exe V5.06 update 6 (build 750)
Library Manager: ArmAr.exe V5.06 update 6 (build 750)
Hex Converter:   FromElf.exe V5.06 update 6 (build 750)
CPU DLL:         SARMCM3.DLL V5.28.0.0
Dialog DLL:      DARMSTM.DLL V1.68.0.0
Target DLL:      CMSIS_AGDI.dll V1.31.18.0
Dialog DLL:      TARMSTM.DLL V1.66.0.0
 
<h2>Project:</h2>
C:\Users\kegg\Desktop\宽电压输入_恒压输出_过流保护 _sepic\Project\RVMDK（uv5）\BH-F103.uvprojx
Project File Date:  08/02/2019

<h2>Output:</h2>
*** Using Compiler 'V5.06 update 6 (build 750)', folder: 'C:\Keil_v5\ARM\ARMCC\Bin'
Build target '外部SRAM'
compiling voltage_output.c...
..\..\User\voltage_output\voltage_output.c(101): warning:  #167-D: argument of type "char *" is incompatible with parameter of type "u8 *"
  				OLED_ShowString(0,0,a);
..\..\User\voltage_output\voltage_output.c(104): warning:  #167-D: argument of type "char *" is incompatible with parameter of type "u8 *"
  				OLED_ShowString(0,6,D);
..\..\User\voltage_output\voltage_output.c: 2 warnings, 0 errors
compiling main.c...
linking...
Program Size: Code=16180 RO-data=2408 RW-data=2456 ZI-data=1128  
FromELF: creating hex file...
"..\..\Output\Template.axf" - 0 Error(s), 2 Warning(s).

<h2>Software Packages used:</h2>

Package Vendor: Keil
                http://www.keil.com/pack/Keil.STM32F1xx_DFP.2.3.0.pack
                Keil.STM32F1xx_DFP.2.3.0
                STMicroelectronics STM32F1 Series Device Support, Drivers and Examples

<h2>Collection of Component include folders:</h2>
  .\RTE\_____SRAM
  C:\Users\kegg\AppData\Local\Arm\Packs\Keil\STM32F1xx_DFP\2.3.0\Device\Include

<h2>Collection of Component Files used:</h2>
Build Time Elapsed:  00:00:03
</pre>
</body>
</html>
