Component: ARM Compiler 5.06 update 6 (build 750) Tool: armlink [4d35ed]

==============================================================================

Section Cross References

    main.o(i.TaskLed) refers to st7565s.o(i.Init_ST7576) for Init_ST7576
    main.o(i.TaskLed) refers to adc.o(i.DianLiuInit) for DianLiuInit
    main.o(i.TaskLed) refers to led.o(i.LedGreen) for LedGreen
    main.o(i.TaskLed) refers to os_time.o(i.OSTimeDlyHMSM) for OSTimeDlyHMSM
    main.o(i.TaskLed) refers to adc.o(i.Getk_adc) for Getk_adc
    main.o(i.TaskLed) refers to adc.o(i.GetBATE) for GetBATE
    main.o(i.TaskLed) refers to st7565s.o(i.gotoxy) for gotoxy
    main.o(i.TaskLed) refers to f2d.o(x$fpl$f2d) for __aeabi_f2d
    main.o(i.TaskLed) refers to st7565s.o(i.dprintf) for dprintf
    main.o(i.TaskLed) refers to adc.o(i.GetDC310) for GetDC310
    main.o(i.TaskLed) refers to fdiv.o(x$fpl$fdiv) for __aeabi_fdiv
    main.o(i.TaskLed) refers to adc.o(i.GetWenDu) for GetWenDu
    main.o(i.TaskLed) refers to adc.o(i.GetElectric) for GetElectric
    main.o(i.TaskLed) refers to adc.o(i.GetAnJian) for GetAnJian
    main.o(i.TaskLed) refers to spwm.o(i.DCOut) for DCOut
    main.o(i.TaskLed) refers to spwm.o(i.SPWMState) for SPWMState
    main.o(i.TaskLed) refers to adc.o(i.Getele) for Getele
    main.o(i.TaskLed) refers to adc.o(i.SaveCanShu) for SaveCanShu
    main.o(i.TaskStart) refers to os_cpu_c.o(i.OS_CPU_SysTickInit) for OS_CPU_SysTickInit
    main.o(i.TaskStart) refers to os_core.o(i.OSStatInit) for OSStatInit
    main.o(i.TaskStart) refers to os_task.o(i.OSTaskCreateExt) for OSTaskCreateExt
    main.o(i.TaskStart) refers to led.o(i.LedInit) for LedInit
    main.o(i.TaskStart) refers to spwm.o(i.PWMTimer) for PWMTimer
    main.o(i.TaskStart) refers to spwm.o(i.DCOut) for DCOut
    main.o(i.TaskStart) refers to adc.o(i.ADC1_Configuration) for ADC1_Configuration
    main.o(i.TaskStart) refers to adc.o(i.Getk_adc) for Getk_adc
    main.o(i.TaskStart) refers to adc.o(i.ReadCanShu) for ReadCanShu
    main.o(i.TaskStart) refers to os_time.o(i.OSTimeDlyHMSM) for OSTimeDlyHMSM
    main.o(i.TaskStart) refers to adc.o(i.GetDC310) for GetDC310
    main.o(i.TaskStart) refers to st7565s.o(i.gotoxy) for gotoxy
    main.o(i.TaskStart) refers to st7565s.o(i.dprintf8) for dprintf8
    main.o(i.TaskStart) refers to fdiv.o(x$fpl$fdiv) for __aeabi_fdiv
    main.o(i.TaskStart) refers to main.o(i.kalman1) for kalman1
    main.o(i.TaskStart) refers to fleqf.o(x$fpl$fleqf) for __aeabi_cfcmple
    main.o(i.TaskStart) refers to spwm.o(i.halfword) for halfword
    main.o(i.TaskStart) refers to spwm.o(i.ban) for ban
    main.o(i.TaskStart) refers to spwm.o(i.Time1Config) for Time1Config
    main.o(i.TaskStart) refers to spwm.o(i.SPWMState) for SPWMState
    main.o(i.TaskStart) refers to adc.o(i.GetBATE) for GetBATE
    main.o(i.TaskStart) refers to f2d.o(x$fpl$f2d) for __aeabi_f2d
    main.o(i.TaskStart) refers to dleqf.o(x$fpl$dleqf) for __aeabi_cdcmple
    main.o(i.TaskStart) refers to drleqf.o(x$fpl$drleqf) for __aeabi_cdrcmple
    main.o(i.TaskStart) refers to led.o(i.LedGreen) for LedGreen
    main.o(i.TaskStart) refers to led.o(i.WenKong) for WenKong
    main.o(i.TaskStart) refers to adc.o(i.GetElectric) for GetElectric
    main.o(i.TaskStart) refers to frleqf.o(x$fpl$frleqf) for __aeabi_cfrcmple
    main.o(i.TaskStart) refers to main.o(.bss) for TaskLedStk
    main.o(i.TaskStart) refers to main.o(i.TaskLed) for TaskLed
    main.o(i.kalman1) refers to faddsub_clz.o(x$fpl$fadd) for __aeabi_fadd
    main.o(i.kalman1) refers to f2d.o(x$fpl$f2d) for __aeabi_f2d
    main.o(i.kalman1) refers to ddiv.o(x$fpl$ddiv) for __aeabi_ddiv
    main.o(i.kalman1) refers to dmul.o(x$fpl$dmul) for __aeabi_dmul
    main.o(i.kalman1) refers to d2f.o(x$fpl$d2f) for __aeabi_d2f
    main.o(i.kalman1) refers to faddsub_clz.o(x$fpl$fsub) for __aeabi_fsub
    main.o(i.kalman1) refers to fmul.o(x$fpl$fmul) for __aeabi_fmul
    main.o(i.kalman1) refers to daddsub_clz.o(x$fpl$dadd) for __aeabi_dadd
    main.o(i.kalman1) refers to main.o(.data) for x_est_last1
    main.o(i.main) refers to misc.o(i.NVIC_PriorityGroupConfig) for NVIC_PriorityGroupConfig
    main.o(i.main) refers to os_core.o(i.OSInit) for OSInit
    main.o(i.main) refers to os_sem.o(i.OSSemCreate) for OSSemCreate
    main.o(i.main) refers to os_task.o(i.OSTaskCreateExt) for OSTaskCreateExt
    main.o(i.main) refers to os_core.o(i.OSStart) for OSStart
    main.o(i.main) refers to main.o(.data) for spk
    main.o(i.main) refers to main.o(.bss) for TaskStartStk
    main.o(i.main) refers to main.o(i.TaskStart) for TaskStart
    stm32f10x_it.o(i.EXTI15_10_IRQHandler) refers to os_cpu_a.o(.text) for OS_CPU_SR_Save
    stm32f10x_it.o(i.EXTI15_10_IRQHandler) refers to stm32f10x_exti.o(i.EXTI_GetITStatus) for EXTI_GetITStatus
    stm32f10x_it.o(i.EXTI15_10_IRQHandler) refers to stm32f10x_exti.o(i.EXTI_ClearITPendingBit) for EXTI_ClearITPendingBit
[...]
    _printf_percent_end                      0x08000279   Thumb Code     0  _printf_percent_end.o(.ARM.Collect$$_printf_percent$$00000017)
    __rt_lib_init                            0x0800027d   Thumb Code     0  libinit.o(.ARM.Collect$$libinit$$00000000)
    __rt_lib_init_fp_1                       0x0800027f   Thumb Code     0  libinit2.o(.ARM.Collect$$libinit$$00000002)
    __rt_lib_init_heap_1                     0x0800027f   Thumb Code     0  libinit2.o(.ARM.Collect$$libinit$$0000000A)
    __rt_lib_init_lc_common                  0x0800027f   Thumb Code     0  libinit2.o(.ARM.Collect$$libinit$$0000000F)
    __rt_lib_init_preinit_1                  0x0800027f   Thumb Code     0  libinit2.o(.ARM.Collect$$libinit$$00000004)
    __rt_lib_init_rand_1                     0x0800027f   Thumb Code     0  libinit2.o(.ARM.Collect$$libinit$$0000000E)
    __rt_lib_init_user_alloc_1               0x0800027f   Thumb Code     0  libinit2.o(.ARM.Collect$$libinit$$0000000C)
    __rt_lib_init_lc_collate_1               0x08000285   Thumb Code     0  libinit2.o(.ARM.Collect$$libinit$$00000011)
    __rt_lib_init_lc_ctype_2                 0x08000285   Thumb Code     0  libinit2.o(.ARM.Collect$$libinit$$00000012)
    __rt_lib_init_lc_ctype_1                 0x08000291   Thumb Code     0  libinit2.o(.ARM.Collect$$libinit$$00000013)
    __rt_lib_init_lc_monetary_1              0x08000291   Thumb Code     0  libinit2.o(.ARM.Collect$$libinit$$00000015)
    __rt_lib_init_lc_numeric_2               0x08000291   Thumb Code     0  libinit2.o(.ARM.Collect$$libinit$$00000016)
    __rt_lib_init_alloca_1                   0x0800029b   Thumb Code     0  libinit2.o(.ARM.Collect$$libinit$$0000002E)
    __rt_lib_init_argv_1                     0x0800029b   Thumb Code     0  libinit2.o(.ARM.Collect$$libinit$$0000002C)
    __rt_lib_init_atexit_1                   0x0800029b   Thumb Code     0  libinit2.o(.ARM.Collect$$libinit$$0000001B)
    __rt_lib_init_clock_1                    0x0800029b   Thumb Code     0  libinit2.o(.ARM.Collect$$libinit$$00000021)
    __rt_lib_init_cpp_1                      0x0800029b   Thumb Code     0  libinit2.o(.ARM.Collect$$libinit$$00000032)
    __rt_lib_init_exceptions_1               0x0800029b   Thumb Code     0  libinit2.o(.ARM.Collect$$libinit$$00000030)
    __rt_lib_init_fp_trap_1                  0x0800029b   Thumb Code     0  libinit2.o(.ARM.Collect$$libinit$$0000001F)
    __rt_lib_init_getenv_1                   0x0800029b   Thumb Code     0  libinit2.o(.ARM.Collect$$libinit$$00000023)
    __rt_lib_init_lc_numeric_1               0x0800029b   Thumb Code     0  libinit2.o(.ARM.Collect$$libinit$$00000017)
    __rt_lib_init_lc_time_1                  0x0800029b   Thumb Code     0  libinit2.o(.ARM.Collect$$libinit$$00000019)
    __rt_lib_init_return                     0x0800029b   Thumb Code     0  libinit2.o(.ARM.Collect$$libinit$$00000033)
    __rt_lib_init_signal_1                   0x0800029b   Thumb Code     0  libinit2.o(.ARM.Collect$$libinit$$0000001D)
    __rt_lib_init_stdio_1                    0x0800029b   Thumb Code     0  libinit2.o(.ARM.Collect$$libinit$$00000025)
    __rt_lib_shutdown                        0x0800029d   Thumb Code     0  libshutdown.o(.ARM.Collect$$libshutdown$$00000000)
    __rt_lib_shutdown_cpp_1                  0x0800029f   Thumb Code     0  libshutdown2.o(.ARM.Collect$$libshutdown$$00000002)
    __rt_lib_shutdown_fp_trap_1              0x0800029f   Thumb Code     0  libshutdown2.o(.ARM.Collect$$libshutdown$$00000007)
    __rt_lib_shutdown_heap_1                 0x0800029f   Thumb Code     0  libshutdown2.o(.ARM.Collect$$libshutdown$$0000000F)
    __rt_lib_shutdown_return                 0x0800029f   Thumb Code     0  libshutdown2.o(.ARM.Collect$$libshutdown$$00000010)
    __rt_lib_shutdown_signal_1               0x0800029f   Thumb Code     0  libshutdown2.o(.ARM.Collect$$libshutdown$$0000000A)
    __rt_lib_shutdown_stdio_1                0x0800029f   Thumb Code     0  libshutdown2.o(.ARM.Collect$$libshutdown$$00000004)
    __rt_lib_shutdown_user_alloc_1           0x0800029f   Thumb Code     0  libshutdown2.o(.ARM.Collect$$libshutdown$$0000000C)
    __rt_entry                               0x080002a1   Thumb Code     0  __rtentry.o(.ARM.Collect$$rtentry$$00000000)
    __rt_entry_presh_1                       0x080002a1   Thumb Code     0  __rtentry2.o(.ARM.Collect$$rtentry$$00000002)
    __rt_entry_sh                            0x080002a1   Thumb Code     0  __rtentry4.o(.ARM.Collect$$rtentry$$00000004)
    __rt_entry_li                            0x080002a7   Thumb Code     0  __rtentry2.o(.ARM.Collect$$rtentry$$0000000A)
    __rt_entry_postsh_1                      0x080002a7   Thumb Code     0  __rtentry2.o(.ARM.Collect$$rtentry$$00000009)
    __rt_entry_main                          0x080002ab   Thumb Code     0  __rtentry2.o(.ARM.Collect$$rtentry$$0000000D)
    __rt_entry_postli_1                      0x080002ab   Thumb Code     0  __rtentry2.o(.ARM.Collect$$rtentry$$0000000C)
    __rt_exit                                0x080002b3   Thumb Code     0  rtexit.o(.ARM.Collect$$rtexit$$00000000)
    __rt_exit_ls                             0x080002b5   Thumb Code     0  rtexit2.o(.ARM.Collect$$rtexit$$00000003)
    __rt_exit_prels_1                        0x080002b5   Thumb Code     0  rtexit2.o(.ARM.Collect$$rtexit$$00000002)
    __rt_exit_exit                           0x080002b9   Thumb Code     0  rtexit2.o(.ARM.Collect$$rtexit$$00000004)
    Reset_Handler                            0x080002c1   Thumb Code     8  startup_stm32f10x_hd.o(.text)
    PendSV_Handler                           0x080002d7   Thumb Code     2  startup_stm32f10x_hd.o(.text)
    SysTick_Handler                          0x080002d9   Thumb Code     2  startup_stm32f10x_hd.o(.text)
    ADC1_2_IRQHandler                        0x080002db   Thumb Code     0  startup_stm32f10x_hd.o(.text)
    ADC3_IRQHandler                          0x080002db   Thumb Code     0  startup_stm32f10x_hd.o(.text)
    CAN1_RX1_IRQHandler                      0x080002db   Thumb Code     0  startup_stm32f10x_hd.o(.text)
    CAN1_SCE_IRQHandler                      0x080002db   Thumb Code     0  startup_stm32f10x_hd.o(.text)
    DMA1_Channel1_IRQHandler                 0x080002db   Thumb Code     0  startup_stm32f10x_hd.o(.text)
    DMA1_Channel2_IRQHandler                 0x080002db   Thumb Code     0  startup_stm32f10x_hd.o(.text)
    DMA1_Channel3_IRQHandler                 0x080002db   Thumb Code     0  startup_stm32f10x_hd.o(.text)
    DMA1_Channel4_IRQHandler                 0x080002db   Thumb Code     0  startup_stm32f10x_hd.o(.text)
    DMA1_Channel6_IRQHandler                 0x080002db   Thumb Code     0  startup_stm32f10x_hd.o(.text)
    DMA1_Channel7_IRQHandler                 0x080002db   Thumb Code     0  startup_stm32f10x_hd.o(.text)
    DMA2_Channel1_IRQHandler                 0x080002db   Thumb Code     0  startup_stm32f10x_hd.o(.text)
    DMA2_Channel2_IRQHandler                 0x080002db   Thumb Code     0  startup_stm32f10x_hd.o(.text)
    DMA2_Channel3_IRQHandler                 0x080002db   Thumb Code     0  startup_stm32f10x_hd.o(.text)
    DMA2_Channel4_5_IRQHandler               0x080002db   Thumb Code     0  startup_stm32f10x_hd.o(.text)
    EXTI0_IRQHandler                         0x080002db   Thumb Code     0  startup_stm32f10x_hd.o(.text)
    EXTI1_IRQHandler                         0x080002db   Thumb Code     0  startup_stm32f10x_hd.o(.text)
    EXTI2_IRQHandler                         0x080002db   Thumb Code     0  startup_stm32f10x_hd.o(.text)
    EXTI4_IRQHandler                         0x080002db   Thumb Code     0  startup_stm32f10x_hd.o(.text)
    EXTI9_5_IRQHandler                       0x080002db   Thumb Code     0  startup_stm32f10x_hd.o(.text)
    FLASH_IRQHandler                         0x080002db   Thumb Code     0  startup_stm32f10x_hd.o(.text)
    FSMC_IRQHandler                          0x080002db   Thumb Code     0  startup_stm32f10x_hd.o(.text)
    I2C1_ER_IRQHandler                       0x080002db   Thumb Code     0  startup_stm32f10x_hd.o(.text)
    I2C1_EV_IRQHandler                       0x080002db   Thumb Code     0  startup_stm32f10x_hd.o(.text)
    I2C2_ER_IRQHandler                       0x080002db   Thumb Code     0  startup_stm32f10x_hd.o(.text)
    I2C2_EV_IRQHandler                       0x080002db   Thumb Code     0  startup_stm32f10x_hd.o(.text)
    PVD_IRQHandler                           0x080002db   Thumb Code     0  startup_stm32f10x_hd.o(.text)
    RCC_IRQHandler                           0x080002db   Thumb Code     0  startup_stm32f10x_hd.o(.text)
    RTCAlarm_IRQHandler                      0x080002db   Thumb Code     0  startup_stm32f10x_hd.o(.text)
    RTC_IRQHandler                           0x080002db   Thumb Code     0  startup_stm32f10x_hd.o(.text)
    SDIO_IRQHandler                          0x080002db   Thumb Code     0  startup_stm32f10x_hd.o(.text)
    SPI1_IRQHandler                          0x080002db   Thumb Code     0  startup_stm32f10x_hd.o(.text)
    SPI2_IRQHandler                          0x080002db   Thumb Code     0  startup_stm32f10x_hd.o(.text)
    SPI3_IRQHandler                          0x080002db   Thumb Code     0  startup_stm32f10x_hd.o(.text)
    TAMPER_IRQHandler                        0x080002db   Thumb Code     0  startup_stm32f10x_hd.o(.text)
    TIM1_BRK_IRQHandler                      0x080002db   Thumb Code     0  startup_stm32f10x_hd.o(.text)
    TIM1_CC_IRQHandler                       0x080002db   Thumb Code     0  startup_stm32f10x_hd.o(.text)
    TIM1_TRG_COM_IRQHandler                  0x080002db   Thumb Code     0  startup_stm32f10x_hd.o(.text)
    TIM1_UP_IRQHandler                       0x080002db   Thumb Code     0  startup_stm32f10x_hd.o(.text)
    TIM3_IRQHandler                          0x080002db   Thumb Code     0  startup_stm32f10x_hd.o(.text)
    TIM5_IRQHandler                          0x080002db   Thumb Code     0  startup_stm32f10x_hd.o(.text)
    TIM6_IRQHandler                          0x080002db   Thumb Code     0  startup_stm32f10x_hd.o(.text)
    TIM7_IRQHandler                          0x080002db   Thumb Code     0  startup_stm32f10x_hd.o(.text)
    TIM8_BRK_IRQHandler                      0x080002db   Thumb Code     0  startup_stm32f10x_hd.o(.text)
    TIM8_CC_IRQHandler                       0x080002db   Thumb Code     0  startup_stm32f10x_hd.o(.text)
    TIM8_TRG_COM_IRQHandler                  0x080002db   Thumb Code     0  startup_stm32f10x_hd.o(.text)
    TIM8_UP_IRQHandler                       0x080002db   Thumb Code     0  startup_stm32f10x_hd.o(.text)
    UART4_IRQHandler                         0x080002db   Thumb Code     0  startup_stm32f10x_hd.o(.text)
    UART5_IRQHandler                         0x080002db   Thumb Code     0  startup_stm32f10x_hd.o(.text)
    USART3_IRQHandler                        0x080002db   Thumb Code     0  startup_stm32f10x_hd.o(.text)
    USBWakeUp_IRQHandler                     0x080002db   Thumb Code     0  startup_stm32f10x_hd.o(.text)
    USB_HP_CAN1_TX_IRQHandler                0x080002db   Thumb Code     0  startup_stm32f10x_hd.o(.text)
    USB_LP_CAN1_RX0_IRQHandler               0x080002db   Thumb Code     0  startup_stm32f10x_hd.o(.text)
    WWDG_IRQHandler                          0x080002db   Thumb Code     0  startup_stm32f10x_hd.o(.text)
    __user_initial_stackheap                 0x080002dd   Thumb Code     0  startup_stm32f10x_hd.o(.text)
    OS_CPU_SR_Save                           0x08000301   Thumb Code     0  os_cpu_a.o(.text)
    OS_CPU_SR_Restore                        0x08000309   Thumb Code     0  os_cpu_a.o(.text)
    OSStartHighRdy                           0x0800030f   Thumb Code     0  os_cpu_a.o(.text)
    OSCtxSw                                  0x0800032f   Thumb Code     0  os_cpu_a.o(.text)
    OSIntCtxSw                               0x08000339   Thumb Code     0  os_cpu_a.o(.text)
    OS_CPU_PendSVHandler                     0x08000343   Thumb Code     0  os_cpu_a.o(.text)
    __c89vsprintf                            0x080003a5   Thumb Code    32  c89vsprintf.o(.text)
    __use_two_region_memory                  0x080003c9   Thumb Code     2  heapauxi.o(.text)
    __rt_heap_escrow$2region                 0x080003cb   Thumb Code     2  heapauxi.o(.text)
    __rt_heap_expand$2region                 0x080003cd   Thumb Code     2  heapauxi.o(.text)
    _printf_pre_padding                      0x080003cf   Thumb Code    44  _printf_pad.o(.text)
    _printf_post_padding                     0x080003fb   Thumb Code    34  _printf_pad.o(.text)
    _printf_truncate_signed                  0x0800041d   Thumb Code    18  _printf_truncate.o(.text)
    _printf_truncate_unsigned                0x0800042f   Thumb Code    18  _printf_truncate.o(.text)
    _printf_str                              0x08000441   Thumb Code    82  _printf_str.o(.text)
    _printf_int_dec                          0x08000495   Thumb Code   104  _printf_dec.o(.text)
    _printf_charcount                        0x0800050d   Thumb Code    40  _printf_charcount.o(.text)
    _printf_char_common                      0x0800053f   Thumb Code    32  _printf_char_common.o(.text)
    _sputc                                   0x08000565   Thumb Code    10  _sputc.o(.text)
    _printf_wctomb                           0x08000571   Thumb Code   182  _printf_wctomb.o(.text)
    _printf_longlong_dec                     0x0800062d   Thumb Code   108  _printf_longlong_dec.o(.text)
    _printf_longlong_oct                     0x080006a9   Thumb Code    66  _printf_oct_int_ll.o(.text)
    _printf_int_oct                          0x080006eb   Thumb Code    24  _printf_oct_int_ll.o(.text)
    _printf_ll_oct                           0x08000703   Thumb Code    12  _printf_oct_int_ll.o(.text)
    _printf_longlong_hex                     0x08000719   Thumb Code    86  _printf_hex_int_ll_ptr.o(.text)
    _printf_int_hex                          0x0800076f   Thumb Code    28  _printf_hex_int_ll_ptr.o(.text)
    _printf_ll_hex                           0x0800078b   Thumb Code    12  _printf_hex_int_ll_ptr.o(.text)
    _printf_hex_ptr                          0x08000797   Thumb Code    18  _printf_hex_int_ll_ptr.o(.text)
    __printf                                 0x080007ad   Thumb Code   388  __printf_flags_ss_wp.o(.text)
    _ll_udiv10                               0x08000935   Thumb Code   138  lludiv10.o(.text)
    _printf_int_common                       0x080009bf   Thumb Code   178  _printf_intcommon.o(.text)
    __lib_sel_fp_printf                      0x08000a71   Thumb Code     2  _printf_fp_dec.o(.text)
    _printf_fp_dec_real                      0x08000c23   Thumb Code   620  _printf_fp_dec.o(.text)
    _printf_cs_common                        0x08000e8f   Thumb Code    20  _printf_char.o(.text)
    _printf_char                             0x08000ea3   Thumb Code    16  _printf_char.o(.text)
    _printf_string                           0x08000eb3   Thumb Code     8  _printf_char.o(.text)
    _printf_lcs_common                       0x08000ebb   Thumb Code    20  _printf_wchar.o(.text)
    _printf_wchar                            0x08000ecf   Thumb Code    16  _printf_wchar.o(.text)
    _printf_wstring                          0x08000edf   Thumb Code     8  _printf_wchar.o(.text)
    _wcrtomb                                 0x08000ee7   Thumb Code    64  _wcrtomb.o(.text)
    __user_setup_stackheap                   0x08000f27   Thumb Code    74  sys_stackheap_outer.o(.text)
    __rt_ctype_table                         0x08000f71   Thumb Code    16  rt_ctype_table.o(.text)
    __rt_locale                              0x08000f81   Thumb Code     8  rt_locale_intlibspace.o(.text)
    _printf_fp_infnan                        0x08000f89   Thumb Code   112  _printf_fp_infnan.o(.text)
    _btod_etento                             0x08001009   Thumb Code   224  bigflt0.o(.text)
    exit                                     0x080010ed   Thumb Code    18  exit.o(.text)
    __user_libspace                          0x08001101   Thumb Code     8  libspace.o(.text)
    __user_perproc_libspace                  0x08001101   Thumb Code     0  libspace.o(.text)
    __user_perthread_libspace                0x08001101   Thumb Code     0  libspace.o(.text)
    strcmp                                   0x08001109   Thumb Code   128  strcmpv7m.o(.text)
    _sys_exit                                0x08001189   Thumb Code     8  sys_exit.o(.text)
    __I$use$semihosting                      0x08001195   Thumb Code     0  use_no_semi.o(.text)
    __use_no_semihosting_swi                 0x08001195   Thumb Code     2  use_no_semi.o(.text)
    __semihosting_library_function           0x08001197   Thumb Code     0  indicate_semi.o(.text)
    _btod_d2e                                0x08001197   Thumb Code    62  btod.o(CL$$btod_d2e)
    _d2e_denorm_low                          0x080011d5   Thumb Code    70  btod.o(CL$$btod_d2e_denorm_low)
    _d2e_norm_op1                            0x0800121b   Thumb Code    96  btod.o(CL$$btod_d2e_norm_op1)
    __btod_div_common                        0x0800127b   Thumb Code   696  btod.o(CL$$btod_div_common)
    _e2e                                     0x080015b3   Thumb Code   220  btod.o(CL$$btod_e2e)
    _btod_ediv                               0x0800168f   Thumb Code    42  btod.o(CL$$btod_ediv)
    _btod_emul                               0x080016b9   Thumb Code    42  btod.o(CL$$btod_emul)
    __btod_mult_common                       0x080016e3   Thumb Code   580  btod.o(CL$$btod_mult_common)
    ADC1_Configuration                       0x08001929   Thumb Code   334  adc.o(i.ADC1_Configuration)
    ADC_Cmd                                  0x08001a8d   Thumb Code    22  stm32f10x_adc.o(i.ADC_Cmd)
    ADC_DMACmd                               0x08001aa3   Thumb Code    22  stm32f10x_adc.o(i.ADC_DMACmd)
    ADC_GetCalibrationStatus                 0x08001ab9   Thumb Code    20  stm32f10x_adc.o(i.ADC_GetCalibrationStatus)
    ADC_GetResetCalibrationStatus            0x08001acd   Thumb Code    20  stm32f10x_adc.o(i.ADC_GetResetCalibrationStatus)
    ADC_Init                                 0x08001ae1   Thumb Code    70  stm32f10x_adc.o(i.ADC_Init)
    ADC_RegularChannelConfig                 0x08001b31   Thumb Code   184  stm32f10x_adc.o(i.ADC_RegularChannelConfig)
    ADC_ResetCalibration                     0x08001be9   Thumb Code    10  stm32f10x_adc.o(i.ADC_ResetCalibration)
    ADC_SoftwareStartConvCmd                 0x08001bf3   Thumb Code    22  stm32f10x_adc.o(i.ADC_SoftwareStartConvCmd)
    ADC_StartCalibration                     0x08001c09   Thumb Code    10  stm32f10x_adc.o(i.ADC_StartCalibration)
    ADC_TempSensorVrefintCmd                 0x08001c15   Thumb Code    30  stm32f10x_adc.o(i.ADC_TempSensorVrefintCmd)
    BusFault_Handler                         0x08001c39   Thumb Code     4  stm32f10x_it.o(i.BusFault_Handler)
    DCOut                                    0x08001c3d   Thumb Code    64  spwm.o(i.DCOut)
    DMA1_Channel5_IRQHandler                 0x08001c81   Thumb Code    50  spwm.o(i.DMA1_Channel5_IRQHandler)
    DMA_ClearITPendingBit                    0x08001cb9   Thumb Code    18  stm32f10x_dma.o(i.DMA_ClearITPendingBit)
    DMA_Cmd                                  0x08001cd5   Thumb Code    24  stm32f10x_dma.o(i.DMA_Cmd)
    DMA_DeInit                               0x08001ced   Thumb Code   324  stm32f10x_dma.o(i.DMA_DeInit)
    DMA_ITConfig                             0x08001e39   Thumb Code    18  stm32f10x_dma.o(i.DMA_ITConfig)
    DMA_Init                                 0x08001e4b   Thumb Code    60  stm32f10x_dma.o(i.DMA_Init)
    DebugMon_Handler                         0x08001e87   Thumb Code     2  stm32f10x_it.o(i.DebugMon_Handler)
    DianLiuInit                              0x08001e89   Thumb Code    40  adc.o(i.DianLiuInit)
    Display_fill                             0x08001eb5   Thumb Code    54  st7565s.o(i.Display_fill)
    DoubleRead                               0x08001eed   Thumb Code    68  eeprom.o(i.DoubleRead)
    DoubleWrite                              0x08001f35   Thumb Code    66  eeprom.o(i.DoubleWrite)
    EE_Init                                  0x0800200d   Thumb Code   486  eeprom.o(i.EE_Init)
    EE_ReadInt16                             0x08002311   Thumb Code    92  eeprom.o(i.EE_ReadInt16)
    EE_ReadVariable                          0x08002375   Thumb Code    92  eeprom.o(i.EE_ReadVariable)
    EE_WriteInt16                            0x08002449   Thumb Code    36  eeprom.o(i.EE_WriteInt16)
    EXTI15_10_IRQHandler                     0x0800246d   Thumb Code    56  stm32f10x_it.o(i.EXTI15_10_IRQHandler)
    EXTI3_IRQHandler                         0x080024a9   Thumb Code    50  stm32f10x_it.o(i.EXTI3_IRQHandler)
    EXTI_ClearITPendingBit                   0x080024e1   Thumb Code     6  stm32f10x_exti.o(i.EXTI_ClearITPendingBit)
    EXTI_GetITStatus                         0x080024ed   Thumb Code    34  stm32f10x_exti.o(i.EXTI_GetITStatus)
    FLASH_ErasePage                          0x08002515   Thumb Code    72  stm32f10x_flash.o(i.FLASH_ErasePage)
    FLASH_GetBank1Status                     0x08002561   Thumb Code    48  stm32f10x_flash.o(i.FLASH_GetBank1Status)
    FLASH_Lock                               0x08002595   Thumb Code    14  stm32f10x_flash.o(i.FLASH_Lock)
    FLASH_ProgramHalfWord                    0x080025a9   Thumb Code    60  stm32f10x_flash.o(i.FLASH_ProgramHalfWord)
    FLASH_Unlock                             0x080025e9   Thumb Code    12  stm32f10x_flash.o(i.FLASH_Unlock)
    FLASH_WaitForLastOperation               0x08002601   Thumb Code    38  stm32f10x_flash.o(i.FLASH_WaitForLastOperation)
    GPIO_Init                                0x08002627   Thumb Code   278  stm32f10x_gpio.o(i.GPIO_Init)
    GPIO_PinRemapConfig                      0x0800273d   Thumb Code   138  stm32f10x_gpio.o(i.GPIO_PinRemapConfig)
    GPIO_ReadInputDataBit                    0x080027cd   Thumb Code    18  stm32f10x_gpio.o(i.GPIO_ReadInputDataBit)
    GPIO_ResetBits                           0x080027df   Thumb Code     4  stm32f10x_gpio.o(i.GPIO_ResetBits)
    GPIO_SetBits                             0x080027e3   Thumb Code     4  stm32f10x_gpio.o(i.GPIO_SetBits)
    GetAnJian                                0x080027e9   Thumb Code    14  adc.o(i.GetAnJian)
    GetBATE                                  0x080027fd   Thumb Code    76  adc.o(i.GetBATE)
    GetDC310                                 0x08002855   Thumb Code    76  adc.o(i.GetDC310)
    GetElectric                              0x080028ad   Thumb Code   110  adc.o(i.GetElectric)
    GetWenDu                                 0x08002935   Thumb Code   250  adc.o(i.GetWenDu)
    Getele                                   0x08002a49   Thumb Code    66  adc.o(i.Getele)
    Getk_adc                                 0x08002a99   Thumb Code    72  adc.o(i.Getk_adc)
    HardFault_Handler                        0x08002aed   Thumb Code     4  stm32f10x_it.o(i.HardFault_Handler)
    Init_ST7576                              0x08002af1   Thumb Code   166  st7565s.o(i.Init_ST7576)
    LedGreen                                 0x08002ba1   Thumb Code    30  led.o(i.LedGreen)
    LedInit                                  0x08002bc5   Thumb Code    94  led.o(i.LedInit)
    MemManage_Handler                        0x08002c2d   Thumb Code     4  stm32f10x_it.o(i.MemManage_Handler)
    NMI_Handler                              0x08002c31   Thumb Code     2  stm32f10x_it.o(i.NMI_Handler)
    NVIC_Init                                0x08002c35   Thumb Code   100  misc.o(i.NVIC_Init)
    NVIC_PriorityGroupConfig                 0x08002ca5   Thumb Code    10  misc.o(i.NVIC_PriorityGroupConfig)
    OSInit                                   0x08002cb9   Thumb Code    40  os_core.o(i.OSInit)
    OSInitHookBegin                          0x08002ce1   Thumb Code     2  os_cpu_c.o(i.OSInitHookBegin)
    OSInitHookEnd                            0x08002ce3   Thumb Code     2  os_cpu_c.o(i.OSInitHookEnd)
    OSIntExit                                0x08002ce5   Thumb Code   112  os_core.o(i.OSIntExit)
    OSSemCreate                              0x08002d75   Thumb Code    72  os_sem.o(i.OSSemCreate)
    OSSemPost                                0x08002dc9   Thumb Code    88  os_sem.o(i.OSSemPost)
    OSStart                                  0x08002e21   Thumb Code    48  os_core.o(i.OSStart)
    OSStatInit                               0x08002e69   Thumb Code    62  os_core.o(i.OSStatInit)
    OSTCBInitHook                            0x08002eb5   Thumb Code     2  os_cpu_c.o(i.OSTCBInitHook)
    OSTaskCreateExt                          0x08002eb9   Thumb Code   170  os_task.o(i.OSTaskCreateExt)
    OSTaskCreateHook                         0x08002f71   Thumb Code     2  os_cpu_c.o(i.OSTaskCreateHook)
    OSTaskIdleHook                           0x08002f73   Thumb Code     2  os_cpu_c.o(i.OSTaskIdleHook)
    OSTaskNameSet                            0x08002f75   Thumb Code    98  os_task.o(i.OSTaskNameSet)
    OSTaskStatHook                           0x08002fe5   Thumb Code     2  os_cpu_c.o(i.OSTaskStatHook)
    OSTaskStkChk                             0x08002fe9   Thumb Code   132  os_task.o(i.OSTaskStkChk)
    OSTaskStkInit                            0x08003075   Thumb Code   154  os_cpu_c.o(i.OSTaskStkInit)
    OSTaskSuspend                            0x08003111   Thumb Code   152  os_task.o(i.OSTaskSuspend)
    OSTaskSwHook                             0x080031b9   Thumb Code     2  os_cpu_c.o(i.OSTaskSwHook)
    OSTimeDly                                0x080031bd   Thumb Code   100  os_time.o(i.OSTimeDly)
    OSTimeDlyHMSM                            0x08003235   Thumb Code    86  os_time.o(i.OSTimeDlyHMSM)
    OSTimeTick                               0x08003295   Thumb Code   210  os_core.o(i.OSTimeTick)
    OSTimeTickHook                           0x08003381   Thumb Code     2  os_cpu_c.o(i.OSTimeTickHook)
    OS_CPU_SysTickHandler                    0x08003385   Thumb Code    34  os_cpu_c.o(i.OS_CPU_SysTickHandler)
    OS_CPU_SysTickInit                       0x080033ad   Thumb Code    50  os_cpu_c.o(i.OS_CPU_SysTickInit)
    OS_EventTaskRdy                          0x080033e1   Thumb Code   128  os_core.o(i.OS_EventTaskRdy)
    OS_EventTaskRemove                       0x08003471   Thumb Code    42  os_core.o(i.OS_EventTaskRemove)
    OS_EventTaskRemoveMulti                  0x0800349b   Thumb Code    58  os_core.o(i.OS_EventTaskRemoveMulti)
    OS_EventWaitListInit                     0x080034d5   Thumb Code    28  os_core.o(i.OS_EventWaitListInit)
    OS_FlagInit                              0x080034f1   Thumb Code    74  os_flag.o(i.OS_FlagInit)
    OS_MemClr                                0x0800375d   Thumb Code    18  os_core.o(i.OS_MemClr)
    OS_Sched                                 0x08003771   Thumb Code    88  os_core.o(i.OS_Sched)
    OS_TCBInit                               0x08003811   Thumb Code   280  os_core.o(i.OS_TCBInit)
    OS_TaskIdle                              0x08003945   Thumb Code    34  os_core.o(i.OS_TaskIdle)
    OS_TaskStat                              0x0800396d   Thumb Code   116  os_core.o(i.OS_TaskStat)
    OS_TaskStatStkChk                        0x080039f5   Thumb Code    54  os_core.o(i.OS_TaskStatStkChk)
    OS_TaskStkClr                            0x08003a31   Thumb Code    26  os_task.o(i.OS_TaskStkClr)
    PWMTimer                                 0x08003a4d   Thumb Code   224  spwm.o(i.PWMTimer)
    RCC_AHBPeriphClockCmd                    0x08003b35   Thumb Code    26  stm32f10x_rcc.o(i.RCC_AHBPeriphClockCmd)
    RCC_APB1PeriphClockCmd                   0x08003b55   Thumb Code    26  stm32f10x_rcc.o(i.RCC_APB1PeriphClockCmd)
    RCC_APB1PeriphResetCmd                   0x08003b75   Thumb Code    26  stm32f10x_rcc.o(i.RCC_APB1PeriphResetCmd)
    RCC_APB2PeriphClockCmd                   0x08003b95   Thumb Code    26  stm32f10x_rcc.o(i.RCC_APB2PeriphClockCmd)
    RCC_APB2PeriphResetCmd                   0x08003bb5   Thumb Code    26  stm32f10x_rcc.o(i.RCC_APB2PeriphResetCmd)
    RCC_GetClocksFreq                        0x08003bd5   Thumb Code   192  stm32f10x_rcc.o(i.RCC_GetClocksFreq)
    ReadCanShu                               0x08003ca9   Thumb Code    12  adc.o(i.ReadCanShu)
    SPWMState                                0x08003cb9   Thumb Code    30  spwm.o(i.SPWMState)
    ST7576Reg_Init                           0x08003cdd   Thumb Code    86  st7565s.o(i.ST7576Reg_Init)
    ST7576_A0                                0x08003d35   Thumb Code    26  st7565s.o(i.ST7576_A0)
    ST7576_CLK                               0x08003d55   Thumb Code    26  st7565s.o(i.ST7576_CLK)
    ST7576_CS                                0x08003d75   Thumb Code    30  st7565s.o(i.ST7576_CS)
    ST7576_DataWrite                         0x08003d99   Thumb Code    72  st7565s.o(i.ST7576_DataWrite)
    ST7576_RES                               0x08003de1   Thumb Code    30  st7565s.o(i.ST7576_RES)
    ST7576_RegWrite                          0x08003e05   Thumb Code    72  st7565s.o(i.ST7576_RegWrite)
    ST7576_Reset                             0x08003e4d   Thumb Code    40  st7565s.o(i.ST7576_Reset)
    ST7576_SDI                               0x08003e75   Thumb Code    26  st7565s.o(i.ST7576_SDI)
    ST7576_setXY                             0x08003e95   Thumb Code    46  st7565s.o(i.ST7576_setXY)
    SVC_Handler                              0x08003ec3   Thumb Code     2  stm32f10x_it.o(i.SVC_Handler)
    SaveCanShu                               0x08003ec5   Thumb Code    26  adc.o(i.SaveCanShu)
    SystemInit                               0x08003fd1   Thumb Code    78  system_stm32f10x.o(i.SystemInit)
    TIM2_IRQHandler                          0x08004031   Thumb Code    58  timer.o(i.TIM2_IRQHandler)
    TIM4_IRQHandler                          0x08004079   Thumb Code    44  stm32f10x_it.o(i.TIM4_IRQHandler)
    TIM_ARRPreloadConfig                     0x080040ad   Thumb Code    24  stm32f10x_tim.o(i.TIM_ARRPreloadConfig)
    TIM_BDTRConfig                           0x080040c5   Thumb Code    32  stm32f10x_tim.o(i.TIM_BDTRConfig)
    TIM_ClearITPendingBit                    0x080040e5   Thumb Code     6  stm32f10x_tim.o(i.TIM_ClearITPendingBit)
    TIM_Cmd                                  0x080040eb   Thumb Code    24  stm32f10x_tim.o(i.TIM_Cmd)
    TIM_CtrlPWMOutputs                       0x08004103   Thumb Code    30  stm32f10x_tim.o(i.TIM_CtrlPWMOutputs)
    TIM_DMACmd                               0x08004121   Thumb Code    18  stm32f10x_tim.o(i.TIM_DMACmd)
    TIM_DMAConfig                            0x08004133   Thumb Code    10  stm32f10x_tim.o(i.TIM_DMAConfig)
    TIM_DeInit                               0x0800413d   Thumb Code   424  stm32f10x_tim.o(i.TIM_DeInit)
    TIM_OC1Init                              0x08004325   Thumb Code   132  stm32f10x_tim.o(i.TIM_OC1Init)
    TIM_OC2Init                              0x080043bd   Thumb Code   154  stm32f10x_tim.o(i.TIM_OC2Init)
    TIM_OC3Init                              0x08004461   Thumb Code   150  stm32f10x_tim.o(i.TIM_OC3Init)
    TIM_TimeBaseInit                         0x08004501   Thumb Code   122  stm32f10x_tim.o(i.TIM_TimeBaseInit)
    Time1Config                              0x080048dd   Thumb Code   468  spwm.o(i.Time1Config)
    USART1_IRQHandler                        0x08004ac5   Thumb Code   280  serial.o(i.USART1_IRQHandler)
    USART2_IRQHandler                        0x08004bf1   Thumb Code   134  serial.o(i.USART2_IRQHandler)
    USART_ClearFlag                          0x08004c85   Thumb Code    18  stm32f10x_usart.o(i.USART_ClearFlag)
    USART_GetITStatus                        0x08004c97   Thumb Code    84  stm32f10x_usart.o(i.USART_GetITStatus)
    USART_ITConfig                           0x08004ceb   Thumb Code    74  stm32f10x_usart.o(i.USART_ITConfig)
    USART_ReceiveData                        0x08004d35   Thumb Code    10  stm32f10x_usart.o(i.USART_ReceiveData)
    USART_SendData                           0x08004d3f   Thumb Code     8  stm32f10x_usart.o(i.USART_SendData)
    UsageFault_Handler                       0x08004d47   Thumb Code     4  stm32f10x_it.o(i.UsageFault_Handler)
    WenKong                                  0x08004d4d   Thumb Code    28  led.o(i.WenKong)
    __ARM_fpclassify                         0x08004d6d   Thumb Code    40  fpclassify.o(i.__ARM_fpclassify)
    _is_digit                                0x08004d95   Thumb Code    14  __printf_wp.o(i._is_digit)
    ban                                      0x08004da5   Thumb Code    16  spwm.o(i.ban)
    dprintf                                  0x08004db9   Thumb Code   508  st7565s.o(i.dprintf)
    dprintf8                                 0x08004fbd   Thumb Code   194  st7565s.o(i.dprintf8)
    gotoxy                                   0x0800509d   Thumb Code    26  st7565s.o(i.gotoxy)
    halfword                                 0x080050c1   Thumb Code    90  spwm.o(i.halfword)
    main                                     0x080053e5   Thumb Code    88  main.o(i.main)
    shang                                    0x08005455   Thumb Code   244  spwm.o(i.shang)
    _get_lc_numeric                          0x08005555   Thumb Code    44  lc_numeric_c.o(locale$$code)
    _get_lc_ctype                            0x08005581   Thumb Code    44  lc_ctype_c.o(locale$$code)
    __aeabi_d2f                              0x080055ad   Thumb Code     0  d2f.o(x$fpl$d2f)
    _d2f                                     0x080055ad   Thumb Code    98  d2f.o(x$fpl$d2f)
    __aeabi_dadd                             0x08005611   Thumb Code     0  daddsub_clz.o(x$fpl$dadd)
    _dadd                                    0x08005611   Thumb Code   332  daddsub_clz.o(x$fpl$dadd)
    __fpl_dcmp_Inf                           0x08005761   Thumb Code    24  dcmpi.o(x$fpl$dcmpinf)
    __aeabi_ddiv                             0x08005779   Thumb Code     0  ddiv.o(x$fpl$ddiv)
    _ddiv                                    0x08005779   Thumb Code   552  ddiv.o(x$fpl$ddiv)
    __aeabi_i2d                              0x08005a29   Thumb Code     0  dflt_clz.o(x$fpl$dflt)
    _dflt                                    0x08005a29   Thumb Code    46  dflt_clz.o(x$fpl$dflt)
    __aeabi_ui2d                             0x08005a57   Thumb Code     0  dflt_clz.o(x$fpl$dfltu)
    _dfltu                                   0x08005a57   Thumb Code    38  dflt_clz.o(x$fpl$dfltu)
    __aeabi_cdcmple                          0x08005a7d   Thumb Code     0  dleqf.o(x$fpl$dleqf)
    _dcmple                                  0x08005a7d   Thumb Code   120  dleqf.o(x$fpl$dleqf)
    __fpl_dcmple_InfNaN                      0x08005adf   Thumb Code     0  dleqf.o(x$fpl$dleqf)
    __aeabi_dmul                             0x08005af5   Thumb Code     0  dmul.o(x$fpl$dmul)
    _dmul                                    0x08005af5   Thumb Code   332  dmul.o(x$fpl$dmul)
    __fpl_dnaninf                            0x08005c49   Thumb Code   156  dnaninf.o(x$fpl$dnaninf)
    __fpl_dretinf                            0x08005ce5   Thumb Code    12  dretinf.o(x$fpl$dretinf)
    __aeabi_cdrcmple                         0x08005cf1   Thumb Code     0  drleqf.o(x$fpl$drleqf)
    _drcmple                                 0x08005cf1   Thumb Code   108  drleqf.o(x$fpl$drleqf)
    __aeabi_dsub                             0x08005d5d   Thumb Code     0  daddsub_clz.o(x$fpl$dsub)
    _dsub                                    0x08005d5d   Thumb Code   464  daddsub_clz.o(x$fpl$dsub)
    __aeabi_f2d                              0x08005f31   Thumb Code     0  f2d.o(x$fpl$f2d)
    _f2d                                     0x08005f31   Thumb Code    86  f2d.o(x$fpl$f2d)
    __aeabi_fadd                             0x08005f89   Thumb Code     0  faddsub_clz.o(x$fpl$fadd)
    _fadd                                    0x08005f89   Thumb Code   196  faddsub_clz.o(x$fpl$fadd)
    __fpl_fcmp_Inf                           0x0800604d   Thumb Code    24  fcmpi.o(x$fpl$fcmpinf)
    __aeabi_fdiv                             0x08006065   Thumb Code     0  fdiv.o(x$fpl$fdiv)
    _fdiv                                    0x08006065   Thumb Code   384  fdiv.o(x$fpl$fdiv)
    __aeabi_f2uiz                            0x080061e9   Thumb Code     0  ffixu.o(x$fpl$ffixu)
    _ffixu                                   0x080061e9   Thumb Code    62  ffixu.o(x$fpl$ffixu)
    __aeabi_i2f                              0x08006229   Thumb Code     0  fflt_clz.o(x$fpl$fflt)
    _fflt                                    0x08006229   Thumb Code    48  fflt_clz.o(x$fpl$fflt)
    __aeabi_ui2f                             0x08006259   Thumb Code     0  fflt_clz.o(x$fpl$ffltu)
    _ffltu                                   0x08006259   Thumb Code    38  fflt_clz.o(x$fpl$ffltu)
    __aeabi_cfcmple                          0x08006281   Thumb Code     0  fleqf.o(x$fpl$fleqf)
    _fcmple                                  0x08006281   Thumb Code   104  fleqf.o(x$fpl$fleqf)
    __fpl_fcmple_InfNaN                      0x080062d3   Thumb Code     0  fleqf.o(x$fpl$fleqf)
    __aeabi_fmul                             0x080062e9   Thumb Code     0  fmul.o(x$fpl$fmul)
    _fmul                                    0x080062e9   Thumb Code   258  fmul.o(x$fpl$fmul)
    __fpl_fnaninf                            0x080063eb   Thumb Code   140  fnaninf.o(x$fpl$fnaninf)
    __fpl_fretinf                            0x08006477   Thumb Code    10  fretinf.o(x$fpl$fretinf)
    __aeabi_cfrcmple                         0x08006481   Thumb Code     0  frleqf.o(x$fpl$frleqf)
    _frcmple                                 0x08006481   Thumb Code    98  frleqf.o(x$fpl$frleqf)
    __aeabi_fsub                             0x080064e5   Thumb Code     0  faddsub_clz.o(x$fpl$fsub)
    _fsub                                    0x080064e5   Thumb Code   234  faddsub_clz.o(x$fpl$fsub)
    _printf_fp_dec                           0x080065cf   Thumb Code     4  printf1.o(x$fpl$printf1)
    __I$use$fp                               0x080065d2   Number         0  usenofp.o(x$fpl$usenofp)
    k_bate                                   0x080065d4   Data           4  adc.o(.constdata)
    k_dc310                                  0x080065d8   Data           4  adc.o(.constdata)
    NTC_TABLE                                0x080065dc   Data         480  adc.o(.constdata)
    VirtAddVarTab                            0x080067bc   Data         200  eeprom.o(.constdata)
    ASC_MSK1                                 0x08006884   Data        1536  st7565s.o(.constdata)
    GB_16_H                                  0x08006e84   Data         272  st7565s.o(.constdata)
    GB_24_H                                  0x08006f94   Data         444  st7565s.o(.constdata)
    SZ_8                                     0x08007150   Data         468  st7565s.o(.constdata)
    OSUnMapTbl                               0x08007324   Data         256  os_core.o(.constdata)
    Region$$Table$$Base                      0x080074fc   Number         0  anon$$obj.o(Region$$Table)
    Region$$Table$$Limit                     0x0800751c   Number         0  anon$$obj.o(Region$$Table)
    __ctype                                  0x08007545   Data           0  lc_ctype_c.o(locale$$data)
    spk                                      0x20000000   Data           4  main.o(.data)
    lcd                                      0x20000004   Data           4  main.o(.data)
    time_10                                  0x20000008   Data           4  main.o(.data)
    k_dianya                                 0x2000003c   Data           4  main.o(.data)
    dmabuff                                  0x20000040   Data         500  spwm.o(.data)
    dmabuff1                                 0x20000234   Data         500  spwm.o(.data)
    halfflag                                 0x20000428   Data           2  spwm.o(.data)
    cishu                                    0x2000042a   Data           1  spwm.o(.data)
    k_adc                                    0x2000042c   Data           4  adc.o(.data)
    electric_zero                            0x20000460   Data           4  adc.o(.data)
    timcounter                               0x20000464   Data           4  timer.o(.data)
    DataVar                                  0x20000468   Data           2  eeprom.o(.data)
    comcounter                               0x2000046c   Data           1  serial.o(.data)
    commandflag                              0x2000046d   Data           1  serial.o(.data)
    OSCtxSwCtr                               0x20000484   Data           4  os_core.o(.data)
    OSEventFreeList                          0x20000488   Data           4  os_core.o(.data)
    OSFlagFreeList                           0x2000048c   Data           4  os_core.o(.data)
    OSCPUUsage                               0x20000490   Data           1  os_core.o(.data)
    OSIdleCtrMax                             0x20000494   Data           4  os_core.o(.data)
    OSIdleCtrRun                             0x20000498   Data           4  os_core.o(.data)
    OSStatRdy                                0x2000049c   Data           1  os_core.o(.data)
    OSIntNesting                             0x2000049d   Data           1  os_core.o(.data)
    OSLockNesting                            0x2000049e   Data           1  os_core.o(.data)
    OSPrioCur                                0x2000049f   Data           1  os_core.o(.data)
    OSPrioHighRdy                            0x200004a0   Data           1  os_core.o(.data)
    OSRdyGrp                                 0x200004a1   Data           1  os_core.o(.data)
    OSRdyTbl                                 0x200004a2   Data           5  os_core.o(.data)
    OSRunning                                0x200004a7   Data           1  os_core.o(.data)
    OSTaskCtr                                0x200004a8   Data           1  os_core.o(.data)
    OSIdleCtr                                0x200004ac   Data           4  os_core.o(.data)
    OSTCBCur                                 0x200004b0   Data           4  os_core.o(.data)
    OSTCBFreeList                            0x200004b4   Data           4  os_core.o(.data)
    OSTCBHighRdy                             0x200004b8   Data           4  os_core.o(.data)
    OSTCBList                                0x200004bc   Data           4  os_core.o(.data)
    OSTickStepState                          0x200004c0   Data           1  os_core.o(.data)
    OSTime                                   0x200004c4   Data           4  os_core.o(.data)
    dmabuff2                                 0x20001468   Data         500  spwm.o(.bss)
    AD_Value                                 0x2000165c   Data         160  adc.o(.bss)
    command                                  0x20001960   Data         100  serial.o(.bss)
    OSEventTbl                               0x20001c28   Data         400  os_core.o(.bss)
    OSFlagTbl                                0x20001db8   Data         160  os_core.o(.bss)
    OSTaskStatStk                            0x20001e58   Data         600  os_core.o(.bss)
    OSTaskIdleStk                            0x200020b0   Data         600  os_core.o(.bss)
    OSTCBPrioTbl                             0x20002308   Data         132  os_core.o(.bss)
    OSTCBTbl                                 0x2000238c   Data        1936  os_core.o(.bss)
    __libspace_start                         0x20002b1c   Data          96  libspace.o(.bss)
    __temporary_stack_top$libspace           0x20002b7c   Data           0  libspace.o(.bss)



==============================================================================

Memory Map of the image

  Image Entry point : 0x08000131

  Load Region LR_IROM1 (Base: 0x08000000, Size: 0x00007b10, Max: 0x00040000, ABSOLUTE, COMPRESSED[0x0000784c])

    Execution Region ER_IROM1 (Exec base: 0x08000000, Load base: 0x08000000, Size: 0x00007648, Max: 0x00040000, ABSOLUTE)

    Exec Addr    Load Addr    Size         Type   Attr      Idx    E Section Name        Object

    0x08000000   0x08000000   0x00000130   Data   RO         2715    RESET               startup_stm32f10x_hd.o
    0x08000130   0x08000130   0x00000008   Code   RO         3484  * !!!main             c_w.l(__main.o)
    0x08000138   0x08000138   0x00000034   Code   RO         3862    !!!scatter          c_w.l(__scatter.o)
    0x0800016c   0x0800016c   0x00000064   Code   RO         3860    !!dclz77c           c_w.l(__dclz77c.o)
    0x080001d0   0x080001d0   0x0000001c   Code   RO         3864    !!handler_zi        c_w.l(__scatter_zi.o)
    0x080001ec   0x080001ec   0x00000000   Code   RO         3620    .ARM.Collect$$_printf_percent$$00000000  c_w.l(_printf_percent.o)
    0x080001ec   0x080001ec   0x00000006   Code   RO         3609    .ARM.Collect$$_printf_percent$$00000001  c_w.l(_printf_n.o)
    0x080001f2   0x080001f2   0x00000006   Code   RO         3611    .ARM.Collect$$_printf_percent$$00000002  c_w.l(_printf_p.o)
    0x080001f8   0x080001f8   0x00000006   Code   RO         3616    .ARM.Collect$$_printf_percent$$00000003  c_w.l(_printf_f.o)
    0x080001fe   0x080001fe   0x00000006   Code   RO         3617    .ARM.Collect$$_printf_percent$$00000004  c_w.l(_printf_e.o)
    0x08000204   0x08000204   0x00000006   Code   RO         3618    .ARM.Collect$$_printf_percent$$00000005  c_w.l(_printf_g.o)
    0x0800020a   0x0800020a   0x00000006   Code   RO         3619    .ARM.Collect$$_printf_percent$$00000006  c_w.l(_printf_a.o)
    0x08000210   0x08000210   0x0000000a   Code   RO         3624    .ARM.Collect$$_printf_percent$$00000007  c_w.l(_printf_ll.o)
    0x0800021a   0x0800021a   0x00000006   Code   RO         3613    .ARM.Collect$$_printf_percent$$00000008  c_w.l(_printf_i.o)
    0x08000220   0x08000220   0x00000006   Code   RO         3614    .ARM.Collect$$_printf_percent$$00000009  c_w.l(_printf_d.o)
    0x08000226   0x08000226   0x00000006   Code   RO         3615    .ARM.Collect$$_printf_percent$$0000000A  c_w.l(_printf_u.o)
    0x0800022c   0x0800022c   0x00000006   Code   RO         3612    .ARM.Collect$$_printf_percent$$0000000B  c_w.l(_printf_o.o)
    0x08000232   0x08000232   0x00000006   Code   RO         3610    .ARM.Collect$$_printf_percent$$0000000C  c_w.l(_printf_x.o)
    0x08000238   0x08000238   0x00000006   Code   RO         3621    .ARM.Collect$$_printf_percent$$0000000D  c_w.l(_printf_lli.o)
    0x0800023e   0x0800023e   0x00000006   Code   RO         3622    .ARM.Collect$$_printf_percent$$0000000E  c_w.l(_printf_lld.o)
    0x08000244   0x08000244   0x00000006   Code   RO         3623    .ARM.Collect$$_printf_percent$$0000000F  c_w.l(_printf_llu.o)
    0x0800024a   0x0800024a   0x00000006   Code   RO         3628    .ARM.Collect$$_printf_percent$$00000010  c_w.l(_printf_llo.o)
    0x08000250   0x08000250   0x00000006   Code   RO         3629    .ARM.Collect$$_printf_percent$$00000011  c_w.l(_printf_llx.o)
    0x08000256   0x08000256   0x0000000a   Code   RO         3625    .ARM.Collect$$_printf_percent$$00000012  c_w.l(_printf_l.o)
    0x08000260   0x08000260   0x00000006   Code   RO         3607    .ARM.Collect$$_printf_percent$$00000013  c_w.l(_printf_c.o)
    0x08000266   0x08000266   0x00000006   Code   RO         3608    .ARM.Collect$$_printf_percent$$00000014  c_w.l(_printf_s.o)
    0x0800026c   0x0800026c   0x00000006   Code   RO         3626    .ARM.Collect$$_printf_percent$$00000015  c_w.l(_printf_lc.o)
    0x08000272   0x08000272   0x00000006   Code   RO         3627    .ARM.Collect$$_printf_percent$$00000016  c_w.l(_printf_ls.o)
    0x08000278   0x08000278   0x00000004   Code   RO         3672    .ARM.Collect$$_printf_percent$$00000017  c_w.l(_printf_percent_end.o)
    0x0800027c   0x0800027c   0x00000002   Code   RO         3721    .ARM.Collect$$libinit$$00000000  c_w.l(libinit.o)
    0x0800027e   0x0800027e   0x00000000   Code   RO         3737    .ARM.Collect$$libinit$$00000002  c_w.l(libinit2.o)
    0x0800027e   0x0800027e   0x00000000   Code   RO         3739    .ARM.Collect$$libinit$$00000004  c_w.l(libinit2.o)
    0x0800027e   0x0800027e   0x00000000   Code   RO         3742    .ARM.Collect$$libinit$$0000000A  c_w.l(libinit2.o)
    0x0800027e   0x0800027e   0x00000000   Code   RO         3744    .ARM.Collect$$libinit$$0000000C  c_w.l(libinit2.o)
    0x0800027e   0x0800027e   0x00000000   Code   RO         3746    .ARM.Collect$$libinit$$0000000E  c_w.l(libinit2.o)
    0x0800027e   0x0800027e   0x00000006   Code   RO         3747    .ARM.Collect$$libinit$$0000000F  c_w.l(libinit2.o)
    0x08000284   0x08000284   0x00000000   Code   RO         3749    .ARM.Collect$$libinit$$00000011  c_w.l(libinit2.o)
    0x08000284   0x08000284   0x0000000c   Code   RO         3750    .ARM.Collect$$libinit$$00000012  c_w.l(libinit2.o)
    0x08000290   0x08000290   0x00000000   Code   RO         3751    .ARM.Collect$$libinit$$00000013  c_w.l(libinit2.o)
    0x08000290   0x08000290   0x00000000   Code   RO         3753    .ARM.Collect$$libinit$$00000015  c_w.l(libinit2.o)
    0x08000290   0x08000290   0x0000000a   Code   RO         3754    .ARM.Collect$$libinit$$00000016  c_w.l(libinit2.o)
    0x0800029a   0x0800029a   0x00000000   Code   RO         3755    .ARM.Collect$$libinit$$00000017  c_w.l(libinit2.o)
    0x0800029a   0x0800029a   0x00000000   Code   RO         3757    .ARM.Collect$$libinit$$00000019  c_w.l(libinit2.o)
    0x0800029a   0x0800029a   0x00000000   Code   RO         3759    .ARM.Collect$$libinit$$0000001B  c_w.l(libinit2.o)
    0x0800029a   0x0800029a   0x00000000   Code   RO         3761    .ARM.Collect$$libinit$$0000001D  c_w.l(libinit2.o)
    0x0800029a   0x0800029a   0x00000000   Code   RO         3763    .ARM.Collect$$libinit$$0000001F  c_w.l(libinit2.o)
    0x0800029a   0x0800029a   0x00000000   Code   RO         3765    .ARM.Collect$$libinit$$00000021  c_w.l(libinit2.o)
    0x0800029a   0x0800029a   0x00000000   Code   RO         3767    .ARM.Collect$$libinit$$00000023  c_w.l(libinit2.o)
    0x0800029a   0x0800029a   0x00000000   Code   RO         3769    .ARM.Collect$$libinit$$00000025  c_w.l(libinit2.o)
    0x0800029a   0x0800029a   0x00000000   Code   RO         3773    .ARM.Collect$$libinit$$0000002C  c_w.l(libinit2.o)
    0x0800029a   0x0800029a   0x00000000   Code   RO         3775    .ARM.Collect$$libinit$$0000002E  c_w.l(libinit2.o)
    0x0800029a   0x0800029a   0x00000000   Code   RO         3777    .ARM.Collect$$libinit$$00000030  c_w.l(libinit2.o)
    0x0800029a   0x0800029a   0x00000000   Code   RO         3779    .ARM.Collect$$libinit$$00000032  c_w.l(libinit2.o)
    0x0800029a   0x0800029a   0x00000002   Code   RO         3780    .ARM.Collect$$libinit$$00000033  c_w.l(libinit2.o)
    0x0800029c   0x0800029c   0x00000002   Code   RO         3800    .ARM.Collect$$libshutdown$$00000000  c_w.l(libshutdown.o)
    0x0800029e   0x0800029e   0x00000000   Code   RO         3813    .ARM.Collect$$libshutdown$$00000002  c_w.l(libshutdown2.o)
    0x0800029e   0x0800029e   0x00000000   Code   RO         3815    .ARM.Collect$$libshutdown$$00000004  c_w.l(libshutdown2.o)
    0x0800029e   0x0800029e   0x00000000   Code   RO         3818    .ARM.Collect$$libshutdown$$00000007  c_w.l(libshutdown2.o)
    0x0800029e   0x0800029e   0x00000000   Code   RO         3821    .ARM.Collect$$libshutdown$$0000000A  c_w.l(libshutdown2.o)
    0x0800029e   0x0800029e   0x00000000   Code   RO         3823    .ARM.Collect$$libshutdown$$0000000C  c_w.l(libshutdown2.o)
    0x0800029e   0x0800029e   0x00000000   Code   RO         3826    .ARM.Collect$$libshutdown$$0000000F  c_w.l(libshutdown2.o)
    0x0800029e   0x0800029e   0x00000002   Code   RO         3827    .ARM.Collect$$libshutdown$$00000010  c_w.l(libshutdown2.o)
    0x080002a0   0x080002a0   0x00000000   Code   RO         3538    .ARM.Collect$$rtentry$$00000000  c_w.l(__rtentry.o)
    0x080002a0   0x080002a0   0x00000000   Code   RO         3646    .ARM.Collect$$rtentry$$00000002  c_w.l(__rtentry2.o)
    0x080002a0   0x080002a0   0x00000006   Code   RO         3658    .ARM.Collect$$rtentry$$00000004  c_w.l(__rtentry4.o)
    0x080002a6   0x080002a6   0x00000000   Code   RO         3648    .ARM.Collect$$rtentry$$00000009  c_w.l(__rtentry2.o)
    0x080002a6   0x080002a6   0x00000004   Code   RO         3649    .ARM.Collect$$rtentry$$0000000A  c_w.l(__rtentry2.o)
    0x080002aa   0x080002aa   0x00000000   Code   RO         3651    .ARM.Collect$$rtentry$$0000000C  c_w.l(__rtentry2.o)
    0x080002aa   0x080002aa   0x00000008   Code   RO         3652    .ARM.Collect$$rtentry$$0000000D  c_w.l(__rtentry2.o)
    0x080002b2   0x080002b2   0x00000002   Code   RO         3729    .ARM.Collect$$rtexit$$00000000  c_w.l(rtexit.o)
    0x080002b4   0x080002b4   0x00000000   Code   RO         3782    .ARM.Collect$$rtexit$$00000002  c_w.l(rtexit2.o)
    0x080002b4   0x080002b4   0x00000004   Code   RO         3783    .ARM.Collect$$rtexit$$00000003  c_w.l(rtexit2.o)
    0x080002b8   0x080002b8   0x00000006   Code   RO         3784    .ARM.Collect$$rtexit$$00000004  c_w.l(rtexit2.o)
    0x080002be   0x080002be   0x00000002   PAD
    0x080002c0   0x080002c0   0x00000040   Code   RO         2716    .text               startup_stm32f10x_hd.o
    0x08000300   0x08000300   0x000000a4   Code   RO         2793    .text               os_cpu_a.o
    0x080003a4   0x080003a4   0x00000024   Code   RO         3478    .text               c_w.l(c89vsprintf.o)
    0x080003c8   0x080003c8   0x00000006   Code   RO         3482    .text               c_w.l(heapauxi.o)
    0x080003ce   0x080003ce   0x0000004e   Code   RO         3541    .text               c_w.l(_printf_pad.o)
    0x0800041c   0x0800041c   0x00000024   Code   RO         3543    .text               c_w.l(_printf_truncate.o)
    0x08000440   0x08000440   0x00000052   Code   RO         3545    .text               c_w.l(_printf_str.o)
    0x08000492   0x08000492   0x00000002   PAD
    0x08000494   0x08000494   0x00000078   Code   RO         3547    .text               c_w.l(_printf_dec.o)
    0x0800050c   0x0800050c   0x00000028   Code   RO         3549    .text               c_w.l(_printf_charcount.o)
    0x08000534   0x08000534   0x00000030   Code   RO         3551    .text               c_w.l(_printf_char_common.o)
    0x08000564   0x08000564   0x0000000a   Code   RO         3553    .text               c_w.l(_sputc.o)
    0x0800056e   0x0800056e   0x00000002   PAD
    0x08000570   0x08000570   0x000000bc   Code   RO         3555    .text               c_w.l(_printf_wctomb.o)
    0x0800062c   0x0800062c   0x0000007c   Code   RO         3558    .text               c_w.l(_printf_longlong_dec.o)
    0x080006a8   0x080006a8   0x00000070   Code   RO         3564    .text               c_w.l(_printf_oct_int_ll.o)
    0x08000718   0x08000718   0x00000094   Code   RO         3584    .text               c_w.l(_printf_hex_int_ll_ptr.o)
    0x080007ac   0x080007ac   0x00000188   Code   RO         3604    .text               c_w.l(__printf_flags_ss_wp.o)
    0x08000934   0x08000934   0x0000008a   Code   RO         3660    .text               c_w.l(lludiv10.o)
    0x080009be   0x080009be   0x000000b2   Code   RO         3662    .text               c_w.l(_printf_intcommon.o)
    0x08000a70   0x08000a70   0x0000041e   Code   RO         3664    .text               c_w.l(_printf_fp_dec.o)
    0x08000e8e   0x08000e8e   0x0000002c   Code   RO         3668    .text               c_w.l(_printf_char.o)
    0x08000eba   0x08000eba   0x0000002c   Code   RO         3670    .text               c_w.l(_printf_wchar.o)
    0x08000ee6   0x08000ee6   0x00000040   Code   RO         3673    .text               c_w.l(_wcrtomb.o)
    0x08000f26   0x08000f26   0x0000004a   Code   RO         3675    .text               c_w.l(sys_stackheap_outer.o)
    0x08000f70   0x08000f70   0x00000010   Code   RO         3677    .text               c_w.l(rt_ctype_table.o)
    0x08000f80   0x08000f80   0x00000008   Code   RO         3682    .text               c_w.l(rt_locale_intlibspace.o)
    0x08000f88   0x08000f88   0x00000080   Code   RO         3684    .text               c_w.l(_printf_fp_infnan.o)
    0x08001008   0x08001008   0x000000e4   Code   RO         3686    .text               c_w.l(bigflt0.o)
    0x080010ec   0x080010ec   0x00000012   Code   RO         3714    .text               c_w.l(exit.o)
    0x080010fe   0x080010fe   0x00000002   PAD
    0x08001100   0x08001100   0x00000008   Code   RO         3726    .text               c_w.l(libspace.o)
    0x08001108   0x08001108   0x00000080   Code   RO         3734    .text               c_w.l(strcmpv7m.o)
    0x08001188   0x08001188   0x0000000c   Code   RO         3792    .text               c_w.l(sys_exit.o)
    0x08001194   0x08001194   0x00000002   Code   RO         3803    .text               c_w.l(use_no_semi.o)
    0x08001196   0x08001196   0x00000000   Code   RO         3805    .text               c_w.l(indicate_semi.o)
    0x08001196   0x08001196   0x0000003e   Code   RO         3689    CL$$btod_d2e        c_w.l(btod.o)
    0x080011d4   0x080011d4   0x00000046   Code   RO         3691    CL$$btod_d2e_denorm_low  c_w.l(btod.o)
    0x0800121a   0x0800121a   0x00000060   Code   RO         3690    CL$$btod_d2e_norm_op1  c_w.l(btod.o)
    0x0800127a   0x0800127a   0x00000338   Code   RO         3699    CL$$btod_div_common  c_w.l(btod.o)
    0x080015b2   0x080015b2   0x000000dc   Code   RO         3696    CL$$btod_e2e        c_w.l(btod.o)
    0x0800168e   0x0800168e   0x0000002a   Code   RO         3693    CL$$btod_ediv       c_w.l(btod.o)
    0x080016b8   0x080016b8   0x0000002a   Code   RO         3692    CL$$btod_emul       c_w.l(btod.o)
    0x080016e2   0x080016e2   0x00000244   Code   RO         3698    CL$$btod_mult_common  c_w.l(btod.o)
    0x08001926   0x08001926   0x00000002   PAD
    0x08001928   0x08001928   0x00000164   Code   RO          314    i.ADC1_Configuration  adc.o
    0x08001a8c   0x08001a8c   0x00000016   Code   RO         2125    i.ADC_Cmd           stm32f10x_adc.o
    0x08001aa2   0x08001aa2   0x00000016   Code   RO         2126    i.ADC_DMACmd        stm32f10x_adc.o
    0x08001ab8   0x08001ab8   0x00000014   Code   RO         2133    i.ADC_GetCalibrationStatus  stm32f10x_adc.o
    0x08001acc   0x08001acc   0x00000014   Code   RO         2139    i.ADC_GetResetCalibrationStatus  stm32f10x_adc.o
    0x08001ae0   0x08001ae0   0x00000050   Code   RO         2143    i.ADC_Init          stm32f10x_adc.o
    0x08001b30   0x08001b30   0x000000b8   Code   RO         2147    i.ADC_RegularChannelConfig  stm32f10x_adc.o
    0x08001be8   0x08001be8   0x0000000a   Code   RO         2148    i.ADC_ResetCalibration  stm32f10x_adc.o
    0x08001bf2   0x08001bf2   0x00000016   Code   RO         2150    i.ADC_SoftwareStartConvCmd  stm32f10x_adc.o
    0x08001c08   0x08001c08   0x0000000a   Code   RO         2152    i.ADC_StartCalibration  stm32f10x_adc.o
    0x08001c12   0x08001c12   0x00000002   PAD
    0x08001c14   0x08001c14   0x00000024   Code   RO         2154    i.ADC_TempSensorVrefintCmd  stm32f10x_adc.o
    0x08001c38   0x08001c38   0x00000004   Code   RO          134    i.BusFault_Handler  stm32f10x_it.o
    0x08001c3c   0x08001c3c   0x00000044   Code   RO          210    i.DCOut             spwm.o
    0x08001c80   0x08001c80   0x00000038   Code   RO          211    i.DMA1_Channel5_IRQHandler  spwm.o
    0x08001cb8   0x08001cb8   0x0000001c   Code   RO         2722    i.DMA_ClearITPendingBit  stm32f10x_dma.o
    0x08001cd4   0x08001cd4   0x00000018   Code   RO         2723    i.DMA_Cmd           stm32f10x_dma.o
    0x08001cec   0x08001cec   0x0000014c   Code   RO         2724    i.DMA_DeInit        stm32f10x_dma.o
    0x08001e38   0x08001e38   0x00000012   Code   RO         2728    i.DMA_ITConfig      stm32f10x_dma.o
    0x08001e4a   0x08001e4a   0x0000003c   Code   RO         2729    i.DMA_Init          stm32f10x_dma.o
    0x08001e86   0x08001e86   0x00000002   Code   RO          135    i.DebugMon_Handler  stm32f10x_it.o
    0x08001e88   0x08001e88   0x0000002c   Code   RO          315    i.DianLiuInit       adc.o
    0x08001eb4   0x08001eb4   0x00000036   Code   RO          561    i.Display_fill      st7565s.o
    0x08001eea   0x08001eea   0x00000002   PAD
    0x08001eec   0x08001eec   0x00000048   Code   RO          429    i.DoubleRead        eeprom.o
    0x08001f34   0x08001f34   0x00000042   Code   RO          430    i.DoubleWrite       eeprom.o
    0x08001f76   0x08001f76   0x00000002   PAD
    0x08001f78   0x08001f78   0x00000058   Code   RO          431    i.EE_FindValidPage  eeprom.o
    0x08001fd0   0x08001fd0   0x0000003c   Code   RO          432    i.EE_Format         eeprom.o
    0x0800200c   0x0800200c   0x000001f8   Code   RO          433    i.EE_Init           eeprom.o
    0x08002204   0x08002204   0x0000010c   Code   RO          434    i.EE_PageTransfer   eeprom.o
    0x08002310   0x08002310   0x00000064   Code   RO          435    i.EE_ReadInt16      eeprom.o
    0x08002374   0x08002374   0x00000064   Code   RO          437    i.EE_ReadVariable   eeprom.o
    0x080023d8   0x080023d8   0x00000070   Code   RO          438    i.EE_VerifyPageFullWriteVariable  eeprom.o
    0x08002448   0x08002448   0x00000024   Code   RO          439    i.EE_WriteInt16     eeprom.o
    0x0800246c   0x0800246c   0x0000003c   Code   RO          136    i.EXTI15_10_IRQHandler  stm32f10x_it.o
    0x080024a8   0x080024a8   0x00000038   Code   RO          137    i.EXTI3_IRQHandler  stm32f10x_it.o
    0x080024e0   0x080024e0   0x0000000c   Code   RO         1274    i.EXTI_ClearITPendingBit  stm32f10x_exti.o
    0x080024ec   0x080024ec   0x00000028   Code   RO         1278    i.EXTI_GetITStatus  stm32f10x_exti.o
    0x08002514   0x08002514   0x0000004c   Code   RO         1368    i.FLASH_ErasePage   stm32f10x_flash.o
    0x08002560   0x08002560   0x00000034   Code   RO         1369    i.FLASH_GetBank1Status  stm32f10x_flash.o
    0x08002594   0x08002594   0x00000014   Code   RO         1378    i.FLASH_Lock        stm32f10x_flash.o
    0x080025a8   0x080025a8   0x00000040   Code   RO         1381    i.FLASH_ProgramHalfWord  stm32f10x_flash.o
    0x080025e8   0x080025e8   0x00000018   Code   RO         1386    i.FLASH_Unlock      stm32f10x_flash.o
    0x08002600   0x08002600   0x00000026   Code   RO         1390    i.FLASH_WaitForLastOperation  stm32f10x_flash.o
    0x08002626   0x08002626   0x00000116   Code   RO          785    i.GPIO_Init         stm32f10x_gpio.o
    0x0800273c   0x0800273c   0x00000090   Code   RO          787    i.GPIO_PinRemapConfig  stm32f10x_gpio.o
    0x080027cc   0x080027cc   0x00000012   Code   RO          789    i.GPIO_ReadInputDataBit  stm32f10x_gpio.o
    0x080027de   0x080027de   0x00000004   Code   RO          792    i.GPIO_ResetBits    stm32f10x_gpio.o
    0x080027e2   0x080027e2   0x00000004   Code   RO          793    i.GPIO_SetBits      stm32f10x_gpio.o
    0x080027e6   0x080027e6   0x00000002   PAD
    0x080027e8   0x080027e8   0x00000014   Code   RO          316    i.GetAnJian         adc.o
    0x080027fc   0x080027fc   0x00000058   Code   RO          317    i.GetBATE           adc.o
    0x08002854   0x08002854   0x00000058   Code   RO          318    i.GetDC310          adc.o
    0x080028ac   0x080028ac   0x00000088   Code   RO          319    i.GetElectric       adc.o
    0x08002934   0x08002934   0x00000114   Code   RO          321    i.GetWenDu          adc.o
    0x08002a48   0x08002a48   0x00000050   Code   RO          322    i.Getele            adc.o
    0x08002a98   0x08002a98   0x00000054   Code   RO          323    i.Getk_adc          adc.o
    0x08002aec   0x08002aec   0x00000004   Code   RO          138    i.HardFault_Handler  stm32f10x_it.o
    0x08002af0   0x08002af0   0x000000b0   Code   RO          562    i.Init_ST7576       st7565s.o
    0x08002ba0   0x08002ba0   0x00000024   Code   RO          275    i.LedGreen          led.o
    0x08002bc4   0x08002bc4   0x00000068   Code   RO          276    i.LedInit           led.o
    0x08002c2c   0x08002c2c   0x00000004   Code   RO          139    i.MemManage_Handler  stm32f10x_it.o
    0x08002c30   0x08002c30   0x00000002   Code   RO          140    i.NMI_Handler       stm32f10x_it.o
    0x08002c32   0x08002c32   0x00000002   PAD
    0x08002c34   0x08002c34   0x00000070   Code   RO         1327    i.NVIC_Init         misc.o
    0x08002ca4   0x08002ca4   0x00000014   Code   RO         1328    i.NVIC_PriorityGroupConfig  misc.o
    0x08002cb8   0x08002cb8   0x00000028   Code   RO         2893    i.OSInit            os_core.o
    0x08002ce0   0x08002ce0   0x00000002   Code   RO         2796    i.OSInitHookBegin   os_cpu_c.o
    0x08002ce2   0x08002ce2   0x00000002   Code   RO         2797    i.OSInitHookEnd     os_cpu_c.o
    0x08002ce4   0x08002ce4   0x00000090   Code   RO         2895    i.OSIntExit         os_core.o
    0x08002d74   0x08002d74   0x00000054   Code   RO         3285    i.OSSemCreate       os_sem.o
    0x08002dc8   0x08002dc8   0x00000058   Code   RO         3289    i.OSSemPost         os_sem.o
    0x08002e20   0x08002e20   0x00000048   Code   RO         2896    i.OSStart           os_core.o
    0x08002e68   0x08002e68   0x0000004c   Code   RO         2897    i.OSStatInit        os_core.o
    0x08002eb4   0x08002eb4   0x00000002   Code   RO         2798    i.OSTCBInitHook     os_cpu_c.o
    0x08002eb6   0x08002eb6   0x00000002   PAD
    0x08002eb8   0x08002eb8   0x000000b8   Code   RO         3340    i.OSTaskCreateExt   os_task.o
    0x08002f70   0x08002f70   0x00000002   Code   RO         2799    i.OSTaskCreateHook  os_cpu_c.o
    0x08002f72   0x08002f72   0x00000002   Code   RO         2801    i.OSTaskIdleHook    os_cpu_c.o
    0x08002f74   0x08002f74   0x00000070   Code   RO         3344    i.OSTaskNameSet     os_task.o
    0x08002fe4   0x08002fe4   0x00000002   Code   RO         2802    i.OSTaskStatHook    os_cpu_c.o
    0x08002fe6   0x08002fe6   0x00000002   PAD
    0x08002fe8   0x08002fe8   0x0000008c   Code   RO         3349    i.OSTaskStkChk      os_task.o
    0x08003074   0x08003074   0x0000009a   Code   RO         2803    i.OSTaskStkInit     os_cpu_c.o
    0x0800310e   0x0800310e   0x00000002   PAD
    0x08003110   0x08003110   0x000000a8   Code   RO         3350    i.OSTaskSuspend     os_task.o
    0x080031b8   0x080031b8   0x00000002   Code   RO         2804    i.OSTaskSwHook      os_cpu_c.o
    0x080031ba   0x080031ba   0x00000002   PAD
    0x080031bc   0x080031bc   0x00000078   Code   RO         3434    i.OSTimeDly         os_time.o
    0x08003234   0x08003234   0x00000060   Code   RO         3435    i.OSTimeDlyHMSM     os_time.o
    0x08003294   0x08003294   0x000000ec   Code   RO         2898    i.OSTimeTick        os_core.o
    0x08003380   0x08003380   0x00000002   Code   RO         2805    i.OSTimeTickHook    os_cpu_c.o
    0x08003382   0x08003382   0x00000002   PAD
    0x08003384   0x08003384   0x00000028   Code   RO         2806    i.OS_CPU_SysTickHandler  os_cpu_c.o
    0x080033ac   0x080033ac   0x00000032   Code   RO         2807    i.OS_CPU_SysTickInit  os_cpu_c.o
    0x080033de   0x080033de   0x00000002   PAD
    0x080033e0   0x080033e0   0x00000090   Code   RO         2901    i.OS_EventTaskRdy   os_core.o
    0x08003470   0x08003470   0x0000002a   Code   RO         2902    i.OS_EventTaskRemove  os_core.o
    0x0800349a   0x0800349a   0x0000003a   Code   RO         2903    i.OS_EventTaskRemoveMulti  os_core.o
    0x080034d4   0x080034d4   0x0000001c   Code   RO         2906    i.OS_EventWaitListInit  os_core.o
    0x080034f0   0x080034f0   0x00000058   Code   RO         3099    i.OS_FlagInit       os_flag.o
    0x08003548   0x08003548   0x00000060   Code   RO         2907    i.OS_InitEventList  os_core.o
    0x080035a8   0x080035a8   0x00000054   Code   RO         2908    i.OS_InitMisc       os_core.o
    0x080035fc   0x080035fc   0x00000044   Code   RO         2909    i.OS_InitRdyList    os_core.o
    0x08003640   0x08003640   0x0000007c   Code   RO         2910    i.OS_InitTCBList    os_core.o
    0x080036bc   0x080036bc   0x00000050   Code   RO         2911    i.OS_InitTaskIdle   os_core.o
    0x0800370c   0x0800370c   0x00000050   Code   RO         2912    i.OS_InitTaskStat   os_core.o
    0x0800375c   0x0800375c   0x00000012   Code   RO         2913    i.OS_MemClr         os_core.o
    0x0800376e   0x0800376e   0x00000002   PAD
    0x08003770   0x08003770   0x00000074   Code   RO         2915    i.OS_Sched          os_core.o
    0x080037e4   0x080037e4   0x0000002c   Code   RO         2916    i.OS_SchedNew       os_core.o
    0x08003810   0x08003810   0x00000134   Code   RO         2918    i.OS_TCBInit        os_core.o
    0x08003944   0x08003944   0x00000028   Code   RO         2919    i.OS_TaskIdle       os_core.o
    0x0800396c   0x0800396c   0x00000088   Code   RO         2920    i.OS_TaskStat       os_core.o
    0x080039f4   0x080039f4   0x0000003c   Code   RO         2921    i.OS_TaskStatStkChk  os_core.o
    0x08003a30   0x08003a30   0x0000001a   Code   RO         3352    i.OS_TaskStkClr     os_task.o
    0x08003a4a   0x08003a4a   0x00000002   PAD
    0x08003a4c   0x08003a4c   0x000000e8   Code   RO          212    i.PWMTimer          spwm.o
    0x08003b34   0x08003b34   0x00000020   Code   RO          894    i.RCC_AHBPeriphClockCmd  stm32f10x_rcc.o
    0x08003b54   0x08003b54   0x00000020   Code   RO          895    i.RCC_APB1PeriphClockCmd  stm32f10x_rcc.o
    0x08003b74   0x08003b74   0x00000020   Code   RO          896    i.RCC_APB1PeriphResetCmd  stm32f10x_rcc.o
    0x08003b94   0x08003b94   0x00000020   Code   RO          897    i.RCC_APB2PeriphClockCmd  stm32f10x_rcc.o
    0x08003bb4   0x08003bb4   0x00000020   Code   RO          898    i.RCC_APB2PeriphResetCmd  stm32f10x_rcc.o
    0x08003bd4   0x08003bd4   0x000000d4   Code   RO          905    i.RCC_GetClocksFreq  stm32f10x_rcc.o
    0x08003ca8   0x08003ca8   0x00000010   Code   RO          324    i.ReadCanShu        adc.o
    0x08003cb8   0x08003cb8   0x00000024   Code   RO          213    i.SPWMState         spwm.o
    0x08003cdc   0x08003cdc   0x00000056   Code   RO          563    i.ST7576Reg_Init    st7565s.o
    0x08003d32   0x08003d32   0x00000002   PAD
    0x08003d34   0x08003d34   0x00000020   Code   RO          564    i.ST7576_A0         st7565s.o
    0x08003d54   0x08003d54   0x00000020   Code   RO          565    i.ST7576_CLK        st7565s.o
    0x08003d74   0x08003d74   0x00000024   Code   RO          566    i.ST7576_CS         st7565s.o
    0x08003d98   0x08003d98   0x00000048   Code   RO          567    i.ST7576_DataWrite  st7565s.o
    0x08003de0   0x08003de0   0x00000024   Code   RO          568    i.ST7576_RES        st7565s.o
    0x08003e04   0x08003e04   0x00000048   Code   RO          569    i.ST7576_RegWrite   st7565s.o
    0x08003e4c   0x08003e4c   0x00000028   Code   RO          570    i.ST7576_Reset      st7565s.o
    0x08003e74   0x08003e74   0x00000020   Code   RO          571    i.ST7576_SDI        st7565s.o
    0x08003e94   0x08003e94   0x0000002e   Code   RO          572    i.ST7576_setXY      st7565s.o
    0x08003ec2   0x08003ec2   0x00000002   Code   RO          141    i.SVC_Handler       stm32f10x_it.o
    0x08003ec4   0x08003ec4   0x00000020   Code   RO          325    i.SaveCanShu        adc.o
    0x08003ee4   0x08003ee4   0x00000008   Code   RO         1537    i.SetSysClock       system_stm32f10x.o
    0x08003eec   0x08003eec   0x000000e4   Code   RO         1538    i.SetSysClockTo72   system_stm32f10x.o
    0x08003fd0   0x08003fd0   0x00000060   Code   RO         1540    i.SystemInit        system_stm32f10x.o
    0x08004030   0x08004030   0x00000048   Code   RO          402    i.TIM2_IRQHandler   timer.o
    0x08004078   0x08004078   0x00000034   Code   RO          142    i.TIM4_IRQHandler   stm32f10x_it.o
    0x080040ac   0x080040ac   0x00000018   Code   RO         1575    i.TIM_ARRPreloadConfig  stm32f10x_tim.o
    0x080040c4   0x080040c4   0x00000020   Code   RO         1576    i.TIM_BDTRConfig    stm32f10x_tim.o
    0x080040e4   0x080040e4   0x00000006   Code   RO         1582    i.TIM_ClearITPendingBit  stm32f10x_tim.o
    0x080040ea   0x080040ea   0x00000018   Code   RO         1587    i.TIM_Cmd           stm32f10x_tim.o
    0x08004102   0x08004102   0x0000001e   Code   RO         1589    i.TIM_CtrlPWMOutputs  stm32f10x_tim.o
    0x08004120   0x08004120   0x00000012   Code   RO         1590    i.TIM_DMACmd        stm32f10x_tim.o
    0x08004132   0x08004132   0x0000000a   Code   RO         1591    i.TIM_DMAConfig     stm32f10x_tim.o
    0x0800413c   0x0800413c   0x000001e8   Code   RO         1592    i.TIM_DeInit        stm32f10x_tim.o
    0x08004324   0x08004324   0x00000098   Code   RO         1616    i.TIM_OC1Init       stm32f10x_tim.o
    0x080043bc   0x080043bc   0x000000a4   Code   RO         1621    i.TIM_OC2Init       stm32f10x_tim.o
    0x08004460   0x08004460   0x000000a0   Code   RO         1626    i.TIM_OC3Init       stm32f10x_tim.o
    0x08004500   0x08004500   0x000000a4   Code   RO         1658    i.TIM_TimeBaseInit  stm32f10x_tim.o
    0x080045a4   0x080045a4   0x0000014c   Code   RO            1    i.TaskLed           main.o
    0x080046f0   0x080046f0   0x000001ec   Code   RO            2    i.TaskStart         main.o
    0x080048dc   0x080048dc   0x000001e8   Code   RO          214    i.Time1Config       spwm.o
    0x08004ac4   0x08004ac4   0x0000012c   Code   RO          704    i.USART1_IRQHandler  serial.o
    0x08004bf0   0x08004bf0   0x00000094   Code   RO          705    i.USART2_IRQHandler  serial.o
    0x08004c84   0x08004c84   0x00000012   Code   RO         1093    i.USART_ClearFlag   stm32f10x_usart.o
    0x08004c96   0x08004c96   0x00000054   Code   RO         1101    i.USART_GetITStatus  stm32f10x_usart.o
    0x08004cea   0x08004cea   0x0000004a   Code   RO         1103    i.USART_ITConfig    stm32f10x_usart.o
    0x08004d34   0x08004d34   0x0000000a   Code   RO         1111    i.USART_ReceiveData  stm32f10x_usart.o
    0x08004d3e   0x08004d3e   0x00000008   Code   RO         1114    i.USART_SendData    stm32f10x_usart.o
    0x08004d46   0x08004d46   0x00000004   Code   RO          143    i.UsageFault_Handler  stm32f10x_it.o
    0x08004d4a   0x08004d4a   0x00000002   PAD
    0x08004d4c   0x08004d4c   0x00000020   Code   RO          278    i.WenKong           led.o
    0x08004d6c   0x08004d6c   0x00000028   Code   RO         3724    i.__ARM_fpclassify  m_ws.l(fpclassify.o)
    0x08004d94   0x08004d94   0x0000000e   Code   RO         3597    i._is_digit         c_w.l(__printf_wp.o)
    0x08004da2   0x08004da2   0x00000002   PAD
    0x08004da4   0x08004da4   0x00000014   Code   RO          215    i.ban               spwm.o
    0x08004db8   0x08004db8   0x00000204   Code   RO          575    i.dprintf           st7565s.o
    0x08004fbc   0x08004fbc   0x000000c8   Code   RO          577    i.dprintf8          st7565s.o
    0x08005084   0x08005084   0x0000000c   Code   RO          578    i.fnGetCol          st7565s.o
    0x08005090   0x08005090   0x0000000c   Code   RO          579    i.fnGetRow          st7565s.o
    0x0800509c   0x0800509c   0x00000024   Code   RO          580    i.gotoxy            st7565s.o
    0x080050c0   0x080050c0   0x0000006c   Code   RO          216    i.halfword          spwm.o
    0x0800512c   0x0800512c   0x0000015c   Code   RO            3    i.kalman1           main.o
    0x08005288   0x08005288   0x0000015c   Code   RO          326    i.kalman1           adc.o
    0x080053e4   0x080053e4   0x00000070   Code   RO            4    i.main              main.o
    0x08005454   0x08005454   0x00000100   Code   RO          217    i.shang             spwm.o
    0x08005554   0x08005554   0x0000002c   Code   RO         3712    locale$$code        c_w.l(lc_numeric_c.o)
    0x08005580   0x08005580   0x0000002c   Code   RO         3732    locale$$code        c_w.l(lc_ctype_c.o)
    0x080055ac   0x080055ac   0x00000062   Code   RO         3486    x$fpl$d2f           fz_ws.l(d2f.o)
    0x0800560e   0x0800560e   0x00000002   PAD
    0x08005610   0x08005610   0x00000150   Code   RO         3488    x$fpl$dadd          fz_ws.l(daddsub_clz.o)
    0x08005760   0x08005760   0x00000018   Code   RO         3630    x$fpl$dcmpinf       fz_ws.l(dcmpi.o)
    0x08005778   0x08005778   0x000002b0   Code   RO         3495    x$fpl$ddiv          fz_ws.l(ddiv.o)
    0x08005a28   0x08005a28   0x0000002e   Code   RO         3499    x$fpl$dflt          fz_ws.l(dflt_clz.o)
    0x08005a56   0x08005a56   0x00000026   Code   RO         3498    x$fpl$dfltu         fz_ws.l(dflt_clz.o)
    0x08005a7c   0x08005a7c   0x00000078   Code   RO         3504    x$fpl$dleqf         fz_ws.l(dleqf.o)
    0x08005af4   0x08005af4   0x00000154   Code   RO         3506    x$fpl$dmul          fz_ws.l(dmul.o)
    0x08005c48   0x08005c48   0x0000009c   Code   RO         3632    x$fpl$dnaninf       fz_ws.l(dnaninf.o)
    0x08005ce4   0x08005ce4   0x0000000c   Code   RO         3634    x$fpl$dretinf       fz_ws.l(dretinf.o)
    0x08005cf0   0x08005cf0   0x0000006c   Code   RO         3508    x$fpl$drleqf        fz_ws.l(drleqf.o)
    0x08005d5c   0x08005d5c   0x000001d4   Code   RO         3490    x$fpl$dsub          fz_ws.l(daddsub_clz.o)
    0x08005f30   0x08005f30   0x00000056   Code   RO         3510    x$fpl$f2d           fz_ws.l(f2d.o)
    0x08005f86   0x08005f86   0x00000002   PAD
    0x08005f88   0x08005f88   0x000000c4   Code   RO         3512    x$fpl$fadd          fz_ws.l(faddsub_clz.o)
    0x0800604c   0x0800604c   0x00000018   Code   RO         3636    x$fpl$fcmpinf       fz_ws.l(fcmpi.o)
    0x08006064   0x08006064   0x00000184   Code   RO         3519    x$fpl$fdiv          fz_ws.l(fdiv.o)
    0x080061e8   0x080061e8   0x0000003e   Code   RO         3522    x$fpl$ffixu         fz_ws.l(ffixu.o)
    0x08006226   0x08006226   0x00000002   PAD
    0x08006228   0x08006228   0x00000030   Code   RO         3527    x$fpl$fflt          fz_ws.l(fflt_clz.o)
    0x08006258   0x08006258   0x00000026   Code   RO         3526    x$fpl$ffltu         fz_ws.l(fflt_clz.o)
    0x0800627e   0x0800627e   0x00000002   PAD
    0x08006280   0x08006280   0x00000068   Code   RO         3532    x$fpl$fleqf         fz_ws.l(fleqf.o)
    0x080062e8   0x080062e8   0x00000102   Code   RO         3534    x$fpl$fmul          fz_ws.l(fmul.o)
    0x080063ea   0x080063ea   0x0000008c   Code   RO         3638    x$fpl$fnaninf       fz_ws.l(fnaninf.o)
    0x08006476   0x08006476   0x0000000a   Code   RO         3640    x$fpl$fretinf       fz_ws.l(fretinf.o)
    0x08006480   0x08006480   0x00000062   Code   RO         3536    x$fpl$frleqf        fz_ws.l(frleqf.o)
    0x080064e2   0x080064e2   0x00000002   PAD
    0x080064e4   0x080064e4   0x000000ea   Code   RO         3514    x$fpl$fsub          fz_ws.l(faddsub_clz.o)
    0x080065ce   0x080065ce   0x00000004   Code   RO         3642    x$fpl$printf1       fz_ws.l(printf1.o)
    0x080065d2   0x080065d2   0x00000000   Code   RO         3644    x$fpl$usenofp       fz_ws.l(usenofp.o)
    0x080065d2   0x080065d2   0x00000002   PAD
    0x080065d4   0x080065d4   0x000001e8   Data   RO          328    .constdata          adc.o
    0x080067bc   0x080067bc   0x000000c8   Data   RO          446    .constdata          eeprom.o
    0x08006884   0x08006884   0x00000aa0   Data   RO          581    .constdata          st7565s.o
    0x08007324   0x08007324   0x00000100   Data   RO         2923    .constdata          os_core.o
    0x08007424   0x08007424   0x00000008   Data   RO         3556    .constdata          c_w.l(_printf_wctomb.o)
    0x0800742c   0x0800742c   0x00000028   Data   RO         3585    .constdata          c_w.l(_printf_hex_int_ll_ptr.o)
    0x08007454   0x08007454   0x00000011   Data   RO         3605    .constdata          c_w.l(__printf_flags_ss_wp.o)
    0x08007465   0x08007465   0x00000003   PAD
    0x08007468   0x08007468   0x00000094   Data   RO         3687    .constdata          c_w.l(bigflt0.o)
    0x080074fc   0x080074fc   0x00000020   Data   RO         3858    Region$$Table       anon$$obj.o
    0x0800751c   0x0800751c   0x0000001c   Data   RO         3711    locale$$data        c_w.l(lc_numeric_c.o)
    0x08007538   0x08007538   0x00000110   Data   RO         3731    locale$$data        c_w.l(lc_ctype_c.o)


    Execution Region RW_IRAM1 (Exec base: 0x20000000, Load base: 0x08007648, Size: 0x00003180, Max: 0x0000c000, ABSOLUTE, COMPRESSED[0x00000204])

    Exec Addr    Load Addr    Size         Type   Attr      Idx    E Section Name        Object

    0x20000000   COMPRESSED   0x00000040   Data   RW            6    .data               main.o
    0x20000040   COMPRESSED   0x000003eb   Data   RW          220    .data               spwm.o
    0x2000042b   COMPRESSED   0x00000001   PAD
    0x2000042c   COMPRESSED   0x00000038   Data   RW          329    .data               adc.o
    0x20000464   COMPRESSED   0x00000004   Data   RW          405    .data               timer.o
    0x20000468   COMPRESSED   0x00000002   Data   RW          447    .data               eeprom.o
    0x2000046a   COMPRESSED   0x00000002   Data   RW          582    .data               st7565s.o
    0x2000046c   COMPRESSED   0x00000002   Data   RW          711    .data               serial.o
    0x2000046e   COMPRESSED   0x00000014   Data   RW          925    .data               stm32f10x_rcc.o
    0x20000482   COMPRESSED   0x00000002   PAD
    0x20000484   COMPRESSED   0x00000044   Data   RW         2924    .data               os_core.o
    0x200004c8        -       0x00000fa0   Zero   RW            5    .bss                main.o
    0x20001468        -       0x000001f4   Zero   RW          219    .bss                spwm.o
    0x2000165c        -       0x000000a0   Zero   RW          327    .bss                adc.o
    0x200016fc        -       0x0000052c   Zero   RW          710    .bss                serial.o
    0x20001c28        -       0x00000ef4   Zero   RW         2922    .bss                os_core.o
    0x20002b1c        -       0x00000060   Zero   RW         3727    .bss                c_w.l(libspace.o)
    0x20002b7c   COMPRESSED   0x00000004   PAD
    0x20002b80        -       0x00000300   Zero   RW         2714    HEAP                startup_stm32f10x_hd.o
    0x20002e80        -       0x00000300   Zero   RW         2713    STACK               startup_stm32f10x_hd.o


==============================================================================

Image component sizes


      Code (inc. data)   RO Data    RW Data    ZI Data      Debug   Object Name

      1568        198        488         56        160       7415   adc.o
      1406         94        200          2          0       8602   eeprom.o
       172         20          0          0          0       1407   led.o
      1284        176          0         64       4000     286274   main.o
       132         22          0          0          0       1471   misc.o
      2094        374        256         68       3828      20386   os_core.o
       164         32          0          0          0        316   os_cpu_a.o
       260          6          0          0          0      13913   os_cpu_c.o
        88         14          0          0          0        586   os_flag.o
       172         12          0          0          0       1326   os_sem.o
       630         52          0          0          0       4485   os_task.o
       216         30          0          0          0       1388   os_time.o
       448         34          0          2       1324       2053   serial.o
      1264         78          0       1003        500       5692   spwm.o
      1490         76       2720          2          0      11434   st7565s.o
        64         26        304          0       1536        848   startup_stm32f10x_hd.o
       426         16          0          0          0       7696   stm32f10x_adc.o
       462         18          0          0          0       4393   stm32f10x_dma.o
        52         12          0          0          0       1088   stm32f10x_exti.o
       274         30          0          0          0       3298   stm32f10x_flash.o
       448          6          0          0          0       4358   stm32f10x_gpio.o
       190         18          0          0          0       4435   stm32f10x_it.o
       372         50          0         20          0       5976   stm32f10x_rcc.o
      1272        146          0          0          0       7782   stm32f10x_tim.o
       194          0          0          0          0       4540   stm32f10x_usart.o
       332         26          0          0          0       1841   system_stm32f10x.o
        72         14          0          4          0        995   timer.o

    ----------------------------------------------------------------------
     15576       1580       4000       1224      11348     413998   Object Totals
         0          0         32          0          0          0   (incl. Generated)
        30          0          0          3          0          0   (incl. Padding)

    ----------------------------------------------------------------------

      Code (inc. data)   RO Data    RW Data    ZI Data      Debug   Library Member Name

       100          0          0          0          0          0   __dclz77c.o
         8          0          0          0          0         68   __main.o
       392          4         17          0          0         92   __printf_flags_ss_wp.o
        14          0          0          0          0         68   __printf_wp.o
         0          0          0          0          0          0   __rtentry.o
        12          0          0          0          0          0   __rtentry2.o
         6          0          0          0          0          0   __rtentry4.o
        52          8          0          0          0          0   __scatter.o
        28          0          0          0          0          0   __scatter_zi.o
         6          0          0          0          0          0   _printf_a.o
         6          0          0          0          0          0   _printf_c.o
        44          0          0          0          0        108   _printf_char.o
        48          6          0          0          0         96   _printf_char_common.o
        40          0          0          0          0         68   _printf_charcount.o
         6          0          0          0          0          0   _printf_d.o
       120         16          0          0          0         92   _printf_dec.o
         6          0          0          0          0          0   _printf_e.o
         6          0          0          0          0          0   _printf_f.o
      1054          0          0          0          0        216   _printf_fp_dec.o
       128         16          0          0          0         84   _printf_fp_infnan.o
         6          0          0          0          0          0   _printf_g.o
       148          4         40          0          0        160   _printf_hex_int_ll_ptr.o
         6          0          0          0          0          0   _printf_i.o
       178          0          0          0          0         88   _printf_intcommon.o
        10          0          0          0          0          0   _printf_l.o
         6          0          0          0          0          0   _printf_lc.o
        10          0          0          0          0          0   _printf_ll.o
         6          0          0          0          0          0   _printf_lld.o
         6          0          0          0          0          0   _printf_lli.o
         6          0          0          0          0          0   _printf_llo.o
         6          0          0          0          0          0   _printf_llu.o
         6          0          0          0          0          0   _printf_llx.o
       124         16          0          0          0         92   _printf_longlong_dec.o
         6          0          0          0          0          0   _printf_ls.o
         6          0          0          0          0          0   _printf_n.o
         6          0          0          0          0          0   _printf_o.o
       112         10          0          0          0        124   _printf_oct_int_ll.o
         6          0          0          0          0          0   _printf_p.o
        78          0          0          0          0        108   _printf_pad.o
         0          0          0          0          0          0   _printf_percent.o
         4          0          0          0          0          0   _printf_percent_end.o
         6          0          0          0          0          0   _printf_s.o
        82          0          0          0          0         80   _printf_str.o
        36          0          0          0          0         84   _printf_truncate.o
         6          0          0          0          0          0   _printf_u.o
        44          0          0          0          0        108   _printf_wchar.o
       188          6          8          0          0         92   _printf_wctomb.o
         6          0          0          0          0          0   _printf_x.o
        10          0          0          0          0         68   _sputc.o
        64          0          0          0          0         92   _wcrtomb.o
       228          4        148          0          0         96   bigflt0.o
      1936        128          0          0          0        672   btod.o
        36          4          0          0          0         76   c89vsprintf.o
        18          0          0          0          0         80   exit.o
         6          0          0          0          0        152   heapauxi.o
         0          0          0          0          0          0   indicate_semi.o
        44         10        272          0          0         76   lc_ctype_c.o
        44         10         28          0          0         76   lc_numeric_c.o
         2          0          0          0          0          0   libinit.o
        30          0          0          0          0          0   libinit2.o
         2          0          0          0          0          0   libshutdown.o
         2          0          0          0          0          0   libshutdown2.o
         8          4          0          0         96         68   libspace.o
       138          0          0          0          0         80   lludiv10.o
        16          4          0          0          0         76   rt_ctype_table.o
         8          4          0          0          0         68   rt_locale_intlibspace.o
         2          0          0          0          0          0   rtexit.o
        10          0          0          0          0          0   rtexit2.o
       128          0          0          0          0         68   strcmpv7m.o
        12          4          0          0          0         68   sys_exit.o
        74          0          0          0          0         80   sys_stackheap_outer.o
         2          0          0          0          0         68   use_no_semi.o
        98          4          0          0          0         92   d2f.o
       804         16          0          0          0        272   daddsub_clz.o
        24          0          0          0          0         68   dcmpi.o
       688        140          0          0          0        208   ddiv.o
        84          0          0          0          0        136   dflt_clz.o
       120          4          0          0          0         92   dleqf.o
       340         12          0          0          0        104   dmul.o
       156          4          0          0          0         92   dnaninf.o
        12          0          0          0          0         68   dretinf.o
       108          0          0          0          0         80   drleqf.o
        86          4          0          0          0         84   f2d.o
       430          8          0          0          0        168   faddsub_clz.o
        24          0          0          0          0         68   fcmpi.o
       388         76          0          0          0         96   fdiv.o
        62          4          0          0          0         84   ffixu.o
        86          0          0          0          0        136   fflt_clz.o
       104          4          0          0          0         84   fleqf.o
       258          4          0          0          0         84   fmul.o
       140          4          0          0          0         84   fnaninf.o
        10          0          0          0          0         68   fretinf.o
        98          0          0          0          0         68   frleqf.o
         4          0          0          0          0         68   printf1.o
         0          0          0          0          0          0   usenofp.o
        40          0          0          0          0         68   fpclassify.o

    ----------------------------------------------------------------------
     10188        542        516          0        100       6164   Library Totals
        24          0          3          0          4          0   (incl. Padding)

    ----------------------------------------------------------------------

      Code (inc. data)   RO Data    RW Data    ZI Data      Debug   Library Name

      6000        258        513          0         96       3792   c_w.l
      4124        284          0          0          0       2304   fz_ws.l
        40          0          0          0          0         68   m_ws.l

    ----------------------------------------------------------------------
     10188        542        516          0        100       6164   Library Totals

    ----------------------------------------------------------------------

==============================================================================


      Code (inc. data)   RO Data    RW Data    ZI Data      Debug   

     25764       2122       4516       1224      11448     408354   Grand Totals
     25764       2122       4516        516      11448     408354   ELF Image Totals (compressed)
     25764       2122       4516        516          0          0   ROM Totals

==============================================================================

    Total RO  Size (Code + RO Data)                30280 (  29.57kB)
    Total RW  Size (RW Data + ZI Data)             12672 (  12.38kB)
    Total ROM Size (Code + RO Data + RW Data)      30796 (  30.07kB)

==============================================================================

